Component: Arm Compiler for Embedded 6.21 Tool: armlink [5ec1fa00]

==============================================================================

Section Cross References

    startup_stm32f446xx.o(RESET) refers to startup_stm32f446xx.o(STACK) for __initial_sp
    startup_stm32f446xx.o(RESET) refers to startup_stm32f446xx.o(.text) for Reset_Handler
    startup_stm32f446xx.o(RESET) refers to stm32f4xx_it.o(.text.NMI_Handler) for NMI_Handler
    startup_stm32f446xx.o(RESET) refers to stm32f4xx_it.o(.text.HardFault_Handler) for HardFault_Handler
    startup_stm32f446xx.o(RESET) refers to stm32f4xx_it.o(.text.MemManage_Handler) for MemManage_Handler
    startup_stm32f446xx.o(RESET) refers to stm32f4xx_it.o(.text.BusFault_Handler) for BusFault_Handler
    startup_stm32f446xx.o(RESET) refers to stm32f4xx_it.o(.text.UsageFault_Handler) for UsageFault_Handler
    startup_stm32f446xx.o(RESET) refers to stm32f4xx_it.o(.text.SVC_Handler) for SVC_Handler
    startup_stm32f446xx.o(RESET) refers to stm32f4xx_it.o(.text.DebugMon_Handler) for DebugMon_Handler
    startup_stm32f446xx.o(RESET) refers to stm32f4xx_it.o(.text.PendSV_Handler) for PendSV_Handler
    startup_stm32f446xx.o(RESET) refers to stm32f4xx_it.o(.text.SysTick_Handler) for SysTick_Handler
    startup_stm32f446xx.o(RESET) refers to stm32f4xx_it.o(.text.EXTI9_5_IRQHandler) for EXTI9_5_IRQHandler
    startup_stm32f446xx.o(RESET) refers to stm32f4xx_it.o(.text.I2C1_EV_IRQHandler) for I2C1_EV_IRQHandler
    startup_stm32f446xx.o(RESET) refers to stm32f4xx_it.o(.text.I2C1_ER_IRQHandler) for I2C1_ER_IRQHandler
    startup_stm32f446xx.o(RESET) refers to stm32f4xx_it.o(.text.USART1_IRQHandler) for USART1_IRQHandler
    startup_stm32f446xx.o(RESET) refers to stm32f4xx_it.o(.text.USART2_IRQHandler) for USART2_IRQHandler
    startup_stm32f446xx.o(RESET) refers to stm32f4xx_it.o(.text.USART3_IRQHandler) for USART3_IRQHandler
    startup_stm32f446xx.o(RESET) refers to stm32f4xx_it.o(.text.TIM7_IRQHandler) for TIM7_IRQHandler
    startup_stm32f446xx.o(.text) refers to system_stm32f4xx.o(.text.SystemInit) for SystemInit
    startup_stm32f446xx.o(.text) refers to entry.o(.ARM.Collect$$$$00000000) for __main
    bluetooth.o(.text) refers (Special) to scanf_fp.o(.text) for _scanf_real
    bluetooth.o(.text.Bluetooth_Init) refers (Special) to scanf_fp.o(.text) for _scanf_real
    bluetooth.o(.text.Bluetooth_Init) refers to bluetooth.o(.bss..L_MergedGlobals) for .L_MergedGlobals
    bluetooth.o(.text.Bluetooth_Init) refers to stm32f4xx_hal_uart.o(.text.HAL_UART_Receive_IT) for HAL_UART_Receive_IT
    bluetooth.o(.ARM.exidx.text.Bluetooth_Init) refers (Special) to scanf_fp.o(.text) for _scanf_real
    bluetooth.o(.ARM.exidx.text.Bluetooth_Init) refers to bluetooth.o(.text.Bluetooth_Init) for [Anonymous Symbol]
    bluetooth.o(.text.ProcessBluetoothCommand) refers (Special) to scanf_fp.o(.text) for _scanf_real
    bluetooth.o(.text.ProcessBluetoothCommand) refers to strcmp.o(.text) for strcmp
    bluetooth.o(.text.ProcessBluetoothCommand) refers to strncmp.o(.text) for strncmp
    bluetooth.o(.text.ProcessBluetoothCommand) refers to bluetooth.o(.bss..L_MergedGlobals) for .L_MergedGlobals
    bluetooth.o(.text.ProcessBluetoothCommand) refers to radar.o(.text.AX_LASER_Test) for AX_LASER_Test
    bluetooth.o(.text.ProcessBluetoothCommand) refers to radar.o(.text.AX_LASER_GetData) for AX_LASER_GetData
    bluetooth.o(.text.ProcessBluetoothCommand) refers to usart.o(.bss.huart3) for huart3
    bluetooth.o(.text.ProcessBluetoothCommand) refers to stm32f4xx_hal_uart.o(.text.HAL_UART_Transmit) for HAL_UART_Transmit
    bluetooth.o(.text.ProcessBluetoothCommand) refers to bluetooth.o(.rodata.str1.1) for .L.str.5
    bluetooth.o(.text.ProcessBluetoothCommand) refers to __0sscanf.o(.text) for __0sscanf
    bluetooth.o(.text.ProcessBluetoothCommand) refers to motor.o(.bss..L_MergedGlobals) for left_pid
    bluetooth.o(.text.ProcessBluetoothCommand) refers to pid.o(.text.PID_Init) for PID_Init
    bluetooth.o(.text.ProcessBluetoothCommand) refers to f2d.o(.text) for __aeabi_f2d
    bluetooth.o(.text.ProcessBluetoothCommand) refers to motor.o(.text.Car_SetTargetSpeed) for Car_SetTargetSpeed
    bluetooth.o(.text.ProcessBluetoothCommand) refers to encoder.o(.bss..L_MergedGlobals) for left_speed_mps
    bluetooth.o(.text.ProcessBluetoothCommand) refers to printfa.o(i.__0sprintf) for __2sprintf
    bluetooth.o(.text.ProcessBluetoothCommand) refers to strlen.o(.text) for strlen
    bluetooth.o(.text.ProcessBluetoothCommand) refers to tim.o(.bss.htim3) for htim3
    bluetooth.o(.text.ProcessBluetoothCommand) refers to tim.o(.bss.htim2) for htim2
    bluetooth.o(.text.ProcessBluetoothCommand) refers to tim.o(.bss.htim4) for htim4
    bluetooth.o(.text.ProcessBluetoothCommand) refers to odometry.o(.text.Odometry_Init) for Odometry_Init
    bluetooth.o(.text.ProcessBluetoothCommand) refers to i2c.o(.bss.hi2c1) for hi2c1
[...]
    [Anonymous Symbol]                       0x080040ac   Section        0  stm32f4xx_hal_uart.o(.text.HAL_UART_Receive_IT)
    [Anonymous Symbol]                       0x08004100   Section        0  main.o(.text.HAL_UART_RxCpltCallback)
    [Anonymous Symbol]                       0x08004208   Section        0  stm32f4xx_hal_uart.o(.text.HAL_UART_Transmit)
    [Anonymous Symbol]                       0x0800439c   Section        0  stm32f4xx_hal_uart.o(.text.HAL_UART_TxCpltCallback)
    [Anonymous Symbol]                       0x080043a0   Section        0  stm32f4xx_it.o(.text.HardFault_Handler)
    [Anonymous Symbol]                       0x080043a4   Section        0  stm32f4xx_it.o(.text.I2C1_ER_IRQHandler)
    [Anonymous Symbol]                       0x080043b0   Section        0  stm32f4xx_it.o(.text.I2C1_EV_IRQHandler)
    I2C_DMAAbort                             0x080043bd   Thumb Code   290  stm32f4xx_hal_i2c.o(.text.I2C_DMAAbort)
    [Anonymous Symbol]                       0x080043bc   Section        0  stm32f4xx_hal_i2c.o(.text.I2C_DMAAbort)
    I2C_ITError                              0x080044e1   Thumb Code   396  stm32f4xx_hal_i2c.o(.text.I2C_ITError)
    [Anonymous Symbol]                       0x080044e0   Section        0  stm32f4xx_hal_i2c.o(.text.I2C_ITError)
    I2C_MasterReceive_BTF                    0x0800466d   Thumb Code   232  stm32f4xx_hal_i2c.o(.text.I2C_MasterReceive_BTF)
    [Anonymous Symbol]                       0x0800466c   Section        0  stm32f4xx_hal_i2c.o(.text.I2C_MasterReceive_BTF)
    I2C_MasterReceive_RXNE                   0x08004755   Thumb Code   310  stm32f4xx_hal_i2c.o(.text.I2C_MasterReceive_RXNE)
    [Anonymous Symbol]                       0x08004754   Section        0  stm32f4xx_hal_i2c.o(.text.I2C_MasterReceive_RXNE)
    I2C_MasterTransmit_BTF                   0x0800488d   Thumb Code   118  stm32f4xx_hal_i2c.o(.text.I2C_MasterTransmit_BTF)
    [Anonymous Symbol]                       0x0800488c   Section        0  stm32f4xx_hal_i2c.o(.text.I2C_MasterTransmit_BTF)
    I2C_MasterTransmit_TXE                   0x08004905   Thumb Code   178  stm32f4xx_hal_i2c.o(.text.I2C_MasterTransmit_TXE)
    [Anonymous Symbol]                       0x08004904   Section        0  stm32f4xx_hal_i2c.o(.text.I2C_MasterTransmit_TXE)
    I2C_MemoryTransmit_TXE_BTF               0x080049b9   Thumb Code   172  stm32f4xx_hal_i2c.o(.text.I2C_MemoryTransmit_TXE_BTF)
    [Anonymous Symbol]                       0x080049b8   Section        0  stm32f4xx_hal_i2c.o(.text.I2C_MemoryTransmit_TXE_BTF)
    I2C_RequestMemoryRead                    0x08004a65   Thumb Code   794  stm32f4xx_hal_i2c.o(.text.I2C_RequestMemoryRead)
    [Anonymous Symbol]                       0x08004a64   Section        0  stm32f4xx_hal_i2c.o(.text.I2C_RequestMemoryRead)
    I2C_RequestMemoryWrite                   0x08004d81   Thumb Code   626  stm32f4xx_hal_i2c.o(.text.I2C_RequestMemoryWrite)
    [Anonymous Symbol]                       0x08004d80   Section        0  stm32f4xx_hal_i2c.o(.text.I2C_RequestMemoryWrite)
    I2C_WaitOnBTFFlagUntilTimeout            0x08004ff5   Thumb Code   168  stm32f4xx_hal_i2c.o(.text.I2C_WaitOnBTFFlagUntilTimeout)
    [Anonymous Symbol]                       0x08004ff4   Section        0  stm32f4xx_hal_i2c.o(.text.I2C_WaitOnBTFFlagUntilTimeout)
    I2C_WaitOnFlagUntilTimeout               0x0800509d   Thumb Code   328  stm32f4xx_hal_i2c.o(.text.I2C_WaitOnFlagUntilTimeout)
    [Anonymous Symbol]                       0x0800509c   Section        0  stm32f4xx_hal_i2c.o(.text.I2C_WaitOnFlagUntilTimeout)
    I2C_WaitOnMasterAddressFlagUntilTimeout  0x080051e5   Thumb Code   184  stm32f4xx_hal_i2c.o(.text.I2C_WaitOnMasterAddressFlagUntilTimeout)
    [Anonymous Symbol]                       0x080051e4   Section        0  stm32f4xx_hal_i2c.o(.text.I2C_WaitOnMasterAddressFlagUntilTimeout)
    [Anonymous Symbol]                       0x080052a0   Section        0  radar.o(.text.LS_DataHandle)
    [Anonymous Symbol]                       0x0800565c   Section        0  mpu6500.o(.text.MPU6500_Calibrate)
    [Anonymous Symbol]                       0x08005784   Section        0  mpu6500.o(.text.MPU6500_Convert_Unit)
    [Anonymous Symbol]                       0x08005824   Section        0  mpu6500.o(.text.MPU6500_GetCalibratedData)
    [Anonymous Symbol]                       0x08005874   Section        0  mpu6500.o(.text.MPU6500_Init)
    [Anonymous Symbol]                       0x080058dc   Section        0  mpu6500.o(.text.MPU6500_LowPassFilter)
    [Anonymous Symbol]                       0x08005978   Section        0  mpu6500.o(.text.MPU6500_Read_All)
    [Anonymous Symbol]                       0x080059e4   Section        0  gpio.o(.text.MX_GPIO_Init)
    [Anonymous Symbol]                       0x08005a78   Section        0  i2c.o(.text.MX_I2C1_Init)
    [Anonymous Symbol]                       0x08005abc   Section        0  tim.o(.text.MX_TIM2_Init)
    [Anonymous Symbol]                       0x08005b20   Section        0  tim.o(.text.MX_TIM3_Init)
    [Anonymous Symbol]                       0x08005c94   Section        0  tim.o(.text.MX_TIM4_Init)
    [Anonymous Symbol]                       0x08005cfc   Section        0  tim.o(.text.MX_TIM7_Init)
    [Anonymous Symbol]                       0x08005d50   Section        0  usart.o(.text.MX_USART1_UART_Init)
    [Anonymous Symbol]                       0x08005d8c   Section        0  usart.o(.text.MX_USART2_UART_Init)
    [Anonymous Symbol]                       0x08005dc8   Section        0  usart.o(.text.MX_USART3_UART_Init)
    [Anonymous Symbol]                       0x08005e04   Section        0  stm32f4xx_it.o(.text.MemManage_Handler)
    [Anonymous Symbol]                       0x08005e08   Section        0  stm32f4xx_it.o(.text.NMI_Handler)
    [Anonymous Symbol]                       0x08005e0c   Section        0  odometry.o(.text.Odometry_GetPose)
    [Anonymous Symbol]                       0x08005e1c   Section        0  odometry.o(.text.Odometry_Init)
    [Anonymous Symbol]                       0x08005e30   Section        0  odometry.o(.text.Odometry_Update)
    [Anonymous Symbol]                       0x08005f14   Section        0  pid.o(.text.PID_Calc)
    [Anonymous Symbol]                       0x08005fb0   Section        0  pid.o(.text.PID_Init)
    [Anonymous Symbol]                       0x08005fc0   Section        0  stm32f4xx_it.o(.text.PendSV_Handler)
    [Anonymous Symbol]                       0x08005fc4   Section        0  bluetooth.o(.text.ProcessBluetoothCommand)
    [Anonymous Symbol]                       0x080065d0   Section        0  stm32f4xx_it.o(.text.SVC_Handler)
    [Anonymous Symbol]                       0x080065d4   Section        0  bluetooth.o(.text.SendEncoderData)
    [Anonymous Symbol]                       0x08006748   Section        0  bluetooth.o(.text.SendRadarData)
    [Anonymous Symbol]                       0x08006834   Section        0  stm32f4xx_it.o(.text.SysTick_Handler)
    [Anonymous Symbol]                       0x08006838   Section        0  main.o(.text.SystemClock_Config)
    [Anonymous Symbol]                       0x080068fc   Section        0  system_stm32f4xx.o(.text.SystemInit)
    [Anonymous Symbol]                       0x08006918   Section        0  stm32f4xx_it.o(.text.TIM7_IRQHandler)
    [Anonymous Symbol]                       0x08006924   Section        0  stm32f4xx_hal_tim.o(.text.TIM_Base_SetConfig)
    UART_DMAAbortOnError                     0x08006a61   Thumb Code    12  stm32f4xx_hal_uart.o(.text.UART_DMAAbortOnError)
    [Anonymous Symbol]                       0x08006a60   Section        0  stm32f4xx_hal_uart.o(.text.UART_DMAAbortOnError)
    UART_SetConfig                           0x08006a6d   Thumb Code   266  stm32f4xx_hal_uart.o(.text.UART_SetConfig)
    [Anonymous Symbol]                       0x08006a6c   Section        0  stm32f4xx_hal_uart.o(.text.UART_SetConfig)
    [Anonymous Symbol]                       0x08006b78   Section        0  stm32f4xx_it.o(.text.USART1_IRQHandler)
    [Anonymous Symbol]                       0x08006b84   Section        0  stm32f4xx_it.o(.text.USART2_IRQHandler)
    [Anonymous Symbol]                       0x08006b90   Section        0  stm32f4xx_it.o(.text.USART3_IRQHandler)
    [Anonymous Symbol]                       0x08006b9c   Section        0  stm32f4xx_it.o(.text.UsageFault_Handler)
    [Anonymous Symbol]                       0x08006ba0   Section        0  main.o(.text.main)
    i.__0snprintf                            0x08006d1c   Section        0  printfa.o(i.__0snprintf)
    i.__0sprintf                             0x08006d50   Section        0  printfa.o(i.__0sprintf)
    i.__ARM_fpclassifyf                      0x08006d78   Section        0  fpclassifyf.o(i.__ARM_fpclassifyf)
    i.__hardfp_cosf                          0x08006da0   Section        0  cosf.o(i.__hardfp_cosf)
    i.__hardfp_sinf                          0x08006ef0   Section        0  sinf.o(i.__hardfp_sinf)
    i.__mathlib_flt_infnan                   0x08007080   Section        0  funder.o(i.__mathlib_flt_infnan)
    i.__mathlib_flt_invalid                  0x08007088   Section        0  funder.o(i.__mathlib_flt_invalid)
    i.__mathlib_flt_underflow                0x08007098   Section        0  funder.o(i.__mathlib_flt_underflow)
    i.__mathlib_rredf2                       0x080070a8   Section        0  rredf.o(i.__mathlib_rredf2)
    i.__scatterload_copy                     0x080071fc   Section       14  handlers.o(i.__scatterload_copy)
    i.__scatterload_null                     0x0800720a   Section        2  handlers.o(i.__scatterload_null)
    i.__scatterload_zeroinit                 0x0800720c   Section       14  handlers.o(i.__scatterload_zeroinit)
    i.__set_errno                            0x0800721c   Section        0  errno.o(i.__set_errno)
    _fp_digits                               0x08007229   Thumb Code   366  printfa.o(i._fp_digits)
    i._fp_digits                             0x08007228   Section        0  printfa.o(i._fp_digits)
    i._is_digit                              0x080073ac   Section        0  scanf_fp.o(i._is_digit)
    _printf_core                             0x080073bd   Thumb Code  1744  printfa.o(i._printf_core)
    i._printf_core                           0x080073bc   Section        0  printfa.o(i._printf_core)
    _printf_post_padding                     0x08007a99   Thumb Code    36  printfa.o(i._printf_post_padding)
    i._printf_post_padding                   0x08007a98   Section        0  printfa.o(i._printf_post_padding)
    _printf_pre_padding                      0x08007abd   Thumb Code    46  printfa.o(i._printf_pre_padding)
    i._printf_pre_padding                    0x08007abc   Section        0  printfa.o(i._printf_pre_padding)
    _snputc                                  0x08007aeb   Thumb Code    22  printfa.o(i._snputc)
    i._snputc                                0x08007aea   Section        0  printfa.o(i._snputc)
    _sputc                                   0x08007b01   Thumb Code    10  printfa.o(i._sputc)
    i._sputc                                 0x08007b00   Section        0  printfa.o(i._sputc)
    twooverpi                                0x08007b0c   Data          32  rredf.o(.constdata)
    .constdata                               0x08007b0c   Section       32  rredf.o(.constdata)
    .constdata                               0x08007b2c   Section       64  ctype_c.o(.constdata)
    .L.str.32                                0x08007b84   Data          44  bluetooth.o(.rodata.str1.1)
    [Anonymous Symbol]                       0x08007b84   Section        0  bluetooth.o(.rodata.str1.1)
    .L.str.22                                0x08007bb0   Data          30  bluetooth.o(.rodata.str1.1)
    .L.str.20                                0x08007bce   Data          49  bluetooth.o(.rodata.str1.1)
    .L.str.38                                0x08007bff   Data          15  bluetooth.o(.rodata.str1.1)
    .L.str.39                                0x08007c0e   Data          12  bluetooth.o(.rodata.str1.1)
    .L.str.46                                0x08007c1a   Data          29  bluetooth.o(.rodata.str1.1)
    .L.str.18                                0x08007c37   Data          25  bluetooth.o(.rodata.str1.1)
    .L.str.30                                0x08007c50   Data          33  bluetooth.o(.rodata.str1.1)
    .L.str.45                                0x08007c71   Data          29  bluetooth.o(.rodata.str1.1)
    .L.str.17                                0x08007c8e   Data          25  bluetooth.o(.rodata.str1.1)
    .L.str.15                                0x08007ca7   Data          97  bluetooth.o(.rodata.str1.1)
    .L.str.35                                0x08007d08   Data          85  bluetooth.o(.rodata.str1.1)
    .L.str.8                                 0x08007d5d   Data          42  bluetooth.o(.rodata.str1.1)
    .L.str.10                                0x08007d87   Data          43  bluetooth.o(.rodata.str1.1)
    .L.str.13                                0x08007db2   Data          39  bluetooth.o(.rodata.str1.1)
    .L.str.26                                0x08007dd9   Data          86  bluetooth.o(.rodata.str1.1)
    .L.str.28                                0x08007e2f   Data          25  bluetooth.o(.rodata.str1.1)
    .L.str.5                                 0x08007e48   Data          33  bluetooth.o(.rodata.str1.1)
    .L.str.7                                 0x08007e69   Data           9  bluetooth.o(.rodata.str1.1)
    .L.str.5                                 0x08007e72   Data          47  radar.o(.rodata.str1.1)
    [Anonymous Symbol]                       0x08007e72   Section        0  radar.o(.rodata.str1.1)
    _errno                                   0x20000000   Data           4  errno.o(.data)
    .data                                    0x20000000   Section        4  errno.o(.data)
    .L_MergedGlobals                         0x20000004   Data           8  stm32f4xx_hal.o(.data..L_MergedGlobals)
    [Anonymous Symbol]                       0x20000004   Section        0  stm32f4xx_hal.o(.data..L_MergedGlobals)
    .L_MergedGlobals                         0x20000018   Data          44  bluetooth.o(.bss..L_MergedGlobals)
    rx_data                                  0x20000018   Data           1  bluetooth.o(.bss..L_MergedGlobals)
    [Anonymous Symbol]                       0x20000018   Section        0  bluetooth.o(.bss..L_MergedGlobals)
    radar_start_requested                    0x20000019   Data           1  bluetooth.o(.bss..L_MergedGlobals)
    radar_stop_requested                     0x2000001a   Data           1  bluetooth.o(.bss..L_MergedGlobals)
    pid_monitor_enabled                      0x2000001b   Data           1  bluetooth.o(.bss..L_MergedGlobals)
    encoder_data_sending                     0x2000001c   Data           1  bluetooth.o(.bss..L_MergedGlobals)
    radar_data_sending                       0x2000001d   Data           1  bluetooth.o(.bss..L_MergedGlobals)
    cmd_index                                0x2000001e   Data           1  bluetooth.o(.bss..L_MergedGlobals)
    Bluetooth_SendPose.debug_count           0x2000001f   Data           1  bluetooth.o(.bss..L_MergedGlobals)
    SendRadarData.send_index                 0x20000020   Data           2  bluetooth.o(.bss..L_MergedGlobals)
    bluetooth_uart                           0x20000024   Data           4  bluetooth.o(.bss..L_MergedGlobals)
    SendEncoderData.last_send_tick           0x20000028   Data           4  bluetooth.o(.bss..L_MergedGlobals)
    SendRadarData.last_send_tick             0x2000002c   Data           4  bluetooth.o(.bss..L_MergedGlobals)
    cmd_buffer                               0x20000030   Data          20  bluetooth.o(.bss..L_MergedGlobals)
    .L_MergedGlobals                         0x20000044   Data         118  radar.o(.bss..L_MergedGlobals)
    [Anonymous Symbol]                       0x20000044   Section        0  radar.o(.bss..L_MergedGlobals)
    LS_DataHandle.cnt                        0x20000046   Data           2  radar.o(.bss..L_MergedGlobals)
    LS_DataHandle.angle_last                 0x20000048   Data           4  radar.o(.bss..L_MergedGlobals)
    .L_MergedGlobals                         0x200000bc   Data         124  main.o(.bss..L_MergedGlobals)
    [Anonymous Symbol]                       0x200000bc   Section        0  main.o(.bss..L_MergedGlobals)
    .L_MergedGlobals                         0x20000138   Data          12  odometry.o(.bss..L_MergedGlobals)
    pose.0                                   0x20000138   Data           4  odometry.o(.bss..L_MergedGlobals)
    [Anonymous Symbol]                       0x20000138   Section        0  odometry.o(.bss..L_MergedGlobals)
    pose.1                                   0x2000013c   Data           4  odometry.o(.bss..L_MergedGlobals)
    pose.2                                   0x20000140   Data           4  odometry.o(.bss..L_MergedGlobals)
    .L_MergedGlobals                         0x20000144   Data          88  motor.o(.bss..L_MergedGlobals)
    [Anonymous Symbol]                       0x20000144   Section        0  motor.o(.bss..L_MergedGlobals)
    .L_MergedGlobals                         0x2000019c   Data          16  encoder.o(.bss..L_MergedGlobals)
    [Anonymous Symbol]                       0x2000019c   Section        0  encoder.o(.bss..L_MergedGlobals)
    LS_DataHandle.point                      0x200001ac   Data        1000  radar.o(.bss.LS_DataHandle.point)
    [Anonymous Symbol]                       0x200001ac   Section        0  radar.o(.bss.LS_DataHandle.point)
    STACK                                    0x20000b98   Section     1024  startup_stm32f446xx.o(STACK)

    Global Symbols

    Symbol Name                              Value     Ov Type        Size  Object(Section)

    BuildAttributes$$THM_ISAv4$E$P$D$K$B$S$7EM$VFPi3$EXTD16$VFPS$VFMA$PE$A:L22UL41UL21$X:L11$S22US41US21$IEEE1$IW$~IW$USESV6$~STKCKD$USESV7$~SHL$OTIME$ROPI$IEEEX$EBA8$MICROLIB$REQ8$PRES8$EABIv2 0x00000000   Number         0  anon$$obj.o ABSOLUTE
    _printf_a                                0x00000000   Number         0  printfstubs.o ABSOLUTE
    _printf_c                                0x00000000   Number         0  printfstubs.o ABSOLUTE
    _printf_charcount                        0x00000000   Number         0  printfstubs.o ABSOLUTE
    _printf_d                                0x00000000   Number         0  printfstubs.o ABSOLUTE
    _printf_e                                0x00000000   Number         0  printfstubs.o ABSOLUTE
    _printf_f                                0x00000000   Number         0  printfstubs.o ABSOLUTE
    _printf_flags                            0x00000000   Number         0  printfstubs.o ABSOLUTE
    _printf_fp_dec                           0x00000000   Number         0  printfstubs.o ABSOLUTE
    _printf_fp_hex                           0x00000000   Number         0  printfstubs.o ABSOLUTE
    _printf_g                                0x00000000   Number         0  printfstubs.o ABSOLUTE
    _printf_i                                0x00000000   Number         0  printfstubs.o ABSOLUTE
    _printf_int_dec                          0x00000000   Number         0  printfstubs.o ABSOLUTE
    _printf_l                                0x00000000   Number         0  printfstubs.o ABSOLUTE
    _printf_lc                               0x00000000   Number         0  printfstubs.o ABSOLUTE
    _printf_ll                               0x00000000   Number         0  printfstubs.o ABSOLUTE
    _printf_lld                              0x00000000   Number         0  printfstubs.o ABSOLUTE
    _printf_lli                              0x00000000   Number         0  printfstubs.o ABSOLUTE
    _printf_llo                              0x00000000   Number         0  printfstubs.o ABSOLUTE
    _printf_llu                              0x00000000   Number         0  printfstubs.o ABSOLUTE
    _printf_llx                              0x00000000   Number         0  printfstubs.o ABSOLUTE
    _printf_longlong_dec                     0x00000000   Number         0  printfstubs.o ABSOLUTE
    _printf_longlong_hex                     0x00000000   Number         0  printfstubs.o ABSOLUTE
    _printf_longlong_oct                     0x00000000   Number         0  printfstubs.o ABSOLUTE
    _printf_ls                               0x00000000   Number         0  printfstubs.o ABSOLUTE
    _printf_mbtowc                           0x00000000   Number         0  printfstubs.o ABSOLUTE
    _printf_n                                0x00000000   Number         0  printfstubs.o ABSOLUTE
    _printf_o                                0x00000000   Number         0  printfstubs.o ABSOLUTE
    _printf_p                                0x00000000   Number         0  printfstubs.o ABSOLUTE
    _printf_percent                          0x00000000   Number         0  printfstubs.o ABSOLUTE
    _printf_pre_padding                      0x00000000   Number         0  printfstubs.o ABSOLUTE
    _printf_return_value                     0x00000000   Number         0  printfstubs.o ABSOLUTE
    _printf_s                                0x00000000   Number         0  printfstubs.o ABSOLUTE
    _printf_sizespec                         0x00000000   Number         0  printfstubs.o ABSOLUTE
    _printf_str                              0x00000000   Number         0  printfstubs.o ABSOLUTE
    _printf_truncate_signed                  0x00000000   Number         0  printfstubs.o ABSOLUTE
    _printf_truncate_unsigned                0x00000000   Number         0  printfstubs.o ABSOLUTE
    _printf_u                                0x00000000   Number         0  printfstubs.o ABSOLUTE
    _printf_wc                               0x00000000   Number         0  printfstubs.o ABSOLUTE
    _printf_wctomb                           0x00000000   Number         0  printfstubs.o ABSOLUTE
    _printf_widthprec                        0x00000000   Number         0  printfstubs.o ABSOLUTE
    _printf_x                                0x00000000   Number         0  printfstubs.o ABSOLUTE
    __cpp_initialize__aeabi_                  - Undefined Weak Reference
    __cxa_finalize                            - Undefined Weak Reference
    __decompress                              - Undefined Weak Reference
    _clock_init                               - Undefined Weak Reference
    _microlib_exit                            - Undefined Weak Reference
    _scanf_int                                - Undefined Weak Reference
    _scanf_longlong                           - Undefined Weak Reference
    _scanf_string                             - Undefined Weak Reference
    __Vectors_Size                           0x000001c4   Number         0  startup_stm32f446xx.o ABSOLUTE
    __Vectors                                0x08000000   Data           4  startup_stm32f446xx.o(RESET)
    __Vectors_End                            0x080001c4   Data           0  startup_stm32f446xx.o(RESET)
    __main                                   0x080001c5   Thumb Code     0  entry.o(.ARM.Collect$$$$00000000)
    _main_stk                                0x080001c5   Thumb Code     0  entry2.o(.ARM.Collect$$$$00000001)
    _main_scatterload                        0x080001c9   Thumb Code     0  entry5.o(.ARM.Collect$$$$00000004)
    __main_after_scatterload                 0x080001cd   Thumb Code     0  entry5.o(.ARM.Collect$$$$00000004)
    _main_clock                              0x080001cd   Thumb Code     0  entry7b.o(.ARM.Collect$$$$00000008)
    _main_cpp_init                           0x080001cd   Thumb Code     0  entry8b.o(.ARM.Collect$$$$0000000A)
    _main_init                               0x080001cd   Thumb Code     0  entry9a.o(.ARM.Collect$$$$0000000B)
    __rt_final_cpp                           0x080001d5   Thumb Code     0  entry10a.o(.ARM.Collect$$$$0000000D)
    __rt_final_exit                          0x080001d5   Thumb Code     0  entry11a.o(.ARM.Collect$$$$0000000F)
    Reset_Handler                            0x080001d9   Thumb Code     8  startup_stm32f446xx.o(.text)
    ADC_IRQHandler                           0x080001f3   Thumb Code     0  startup_stm32f446xx.o(.text)
    CAN1_RX0_IRQHandler                      0x080001f3   Thumb Code     0  startup_stm32f446xx.o(.text)
    CAN1_RX1_IRQHandler                      0x080001f3   Thumb Code     0  startup_stm32f446xx.o(.text)
    CAN1_SCE_IRQHandler                      0x080001f3   Thumb Code     0  startup_stm32f446xx.o(.text)
    CAN1_TX_IRQHandler                       0x080001f3   Thumb Code     0  startup_stm32f446xx.o(.text)
    CAN2_RX0_IRQHandler                      0x080001f3   Thumb Code     0  startup_stm32f446xx.o(.text)
    CAN2_RX1_IRQHandler                      0x080001f3   Thumb Code     0  startup_stm32f446xx.o(.text)
    CAN2_SCE_IRQHandler                      0x080001f3   Thumb Code     0  startup_stm32f446xx.o(.text)
    CAN2_TX_IRQHandler                       0x080001f3   Thumb Code     0  startup_stm32f446xx.o(.text)
    CEC_IRQHandler                           0x080001f3   Thumb Code     0  startup_stm32f446xx.o(.text)
    DCMI_IRQHandler                          0x080001f3   Thumb Code     0  startup_stm32f446xx.o(.text)
    DMA1_Stream0_IRQHandler                  0x080001f3   Thumb Code     0  startup_stm32f446xx.o(.text)
    DMA1_Stream1_IRQHandler                  0x080001f3   Thumb Code     0  startup_stm32f446xx.o(.text)
    DMA1_Stream2_IRQHandler                  0x080001f3   Thumb Code     0  startup_stm32f446xx.o(.text)
    DMA1_Stream3_IRQHandler                  0x080001f3   Thumb Code     0  startup_stm32f446xx.o(.text)
    DMA1_Stream4_IRQHandler                  0x080001f3   Thumb Code     0  startup_stm32f446xx.o(.text)
    DMA1_Stream5_IRQHandler                  0x080001f3   Thumb Code     0  startup_stm32f446xx.o(.text)
    DMA1_Stream6_IRQHandler                  0x080001f3   Thumb Code     0  startup_stm32f446xx.o(.text)
    DMA1_Stream7_IRQHandler                  0x080001f3   Thumb Code     0  startup_stm32f446xx.o(.text)
    DMA2_Stream0_IRQHandler                  0x080001f3   Thumb Code     0  startup_stm32f446xx.o(.text)
    DMA2_Stream1_IRQHandler                  0x080001f3   Thumb Code     0  startup_stm32f446xx.o(.text)
    DMA2_Stream2_IRQHandler                  0x080001f3   Thumb Code     0  startup_stm32f446xx.o(.text)
    DMA2_Stream3_IRQHandler                  0x080001f3   Thumb Code     0  startup_stm32f446xx.o(.text)
    DMA2_Stream4_IRQHandler                  0x080001f3   Thumb Code     0  startup_stm32f446xx.o(.text)
    DMA2_Stream5_IRQHandler                  0x080001f3   Thumb Code     0  startup_stm32f446xx.o(.text)
    DMA2_Stream6_IRQHandler                  0x080001f3   Thumb Code     0  startup_stm32f446xx.o(.text)
    DMA2_Stream7_IRQHandler                  0x080001f3   Thumb Code     0  startup_stm32f446xx.o(.text)
    EXTI0_IRQHandler                         0x080001f3   Thumb Code     0  startup_stm32f446xx.o(.text)
    EXTI15_10_IRQHandler                     0x080001f3   Thumb Code     0  startup_stm32f446xx.o(.text)
    EXTI1_IRQHandler                         0x080001f3   Thumb Code     0  startup_stm32f446xx.o(.text)
    EXTI2_IRQHandler                         0x080001f3   Thumb Code     0  startup_stm32f446xx.o(.text)
    EXTI3_IRQHandler                         0x080001f3   Thumb Code     0  startup_stm32f446xx.o(.text)
    EXTI4_IRQHandler                         0x080001f3   Thumb Code     0  startup_stm32f446xx.o(.text)
    FLASH_IRQHandler                         0x080001f3   Thumb Code     0  startup_stm32f446xx.o(.text)
    FMC_IRQHandler                           0x080001f3   Thumb Code     0  startup_stm32f446xx.o(.text)
    FMPI2C1_ER_IRQHandler                    0x080001f3   Thumb Code     0  startup_stm32f446xx.o(.text)
    FMPI2C1_EV_IRQHandler                    0x080001f3   Thumb Code     0  startup_stm32f446xx.o(.text)
    FPU_IRQHandler                           0x080001f3   Thumb Code     0  startup_stm32f446xx.o(.text)
    I2C2_ER_IRQHandler                       0x080001f3   Thumb Code     0  startup_stm32f446xx.o(.text)
    I2C2_EV_IRQHandler                       0x080001f3   Thumb Code     0  startup_stm32f446xx.o(.text)
    I2C3_ER_IRQHandler                       0x080001f3   Thumb Code     0  startup_stm32f446xx.o(.text)
    I2C3_EV_IRQHandler                       0x080001f3   Thumb Code     0  startup_stm32f446xx.o(.text)
    OTG_FS_IRQHandler                        0x080001f3   Thumb Code     0  startup_stm32f446xx.o(.text)
    OTG_FS_WKUP_IRQHandler                   0x080001f3   Thumb Code     0  startup_stm32f446xx.o(.text)
    OTG_HS_EP1_IN_IRQHandler                 0x080001f3   Thumb Code     0  startup_stm32f446xx.o(.text)
    OTG_HS_EP1_OUT_IRQHandler                0x080001f3   Thumb Code     0  startup_stm32f446xx.o(.text)
    OTG_HS_IRQHandler                        0x080001f3   Thumb Code     0  startup_stm32f446xx.o(.text)
    OTG_HS_WKUP_IRQHandler                   0x080001f3   Thumb Code     0  startup_stm32f446xx.o(.text)
    PVD_IRQHandler                           0x080001f3   Thumb Code     0  startup_stm32f446xx.o(.text)
    QUADSPI_IRQHandler                       0x080001f3   Thumb Code     0  startup_stm32f446xx.o(.text)
    RCC_IRQHandler                           0x080001f3   Thumb Code     0  startup_stm32f446xx.o(.text)
    RTC_Alarm_IRQHandler                     0x080001f3   Thumb Code     0  startup_stm32f446xx.o(.text)
    RTC_WKUP_IRQHandler                      0x080001f3   Thumb Code     0  startup_stm32f446xx.o(.text)
    SAI1_IRQHandler                          0x080001f3   Thumb Code     0  startup_stm32f446xx.o(.text)
    SAI2_IRQHandler                          0x080001f3   Thumb Code     0  startup_stm32f446xx.o(.text)
    SDIO_IRQHandler                          0x080001f3   Thumb Code     0  startup_stm32f446xx.o(.text)
    SPDIF_RX_IRQHandler                      0x080001f3   Thumb Code     0  startup_stm32f446xx.o(.text)
    SPI1_IRQHandler                          0x080001f3   Thumb Code     0  startup_stm32f446xx.o(.text)
    SPI2_IRQHandler                          0x080001f3   Thumb Code     0  startup_stm32f446xx.o(.text)
    SPI3_IRQHandler                          0x080001f3   Thumb Code     0  startup_stm32f446xx.o(.text)
    SPI4_IRQHandler                          0x080001f3   Thumb Code     0  startup_stm32f446xx.o(.text)
    TAMP_STAMP_IRQHandler                    0x080001f3   Thumb Code     0  startup_stm32f446xx.o(.text)
    TIM1_BRK_TIM9_IRQHandler                 0x080001f3   Thumb Code     0  startup_stm32f446xx.o(.text)
    TIM1_CC_IRQHandler                       0x080001f3   Thumb Code     0  startup_stm32f446xx.o(.text)
    TIM1_TRG_COM_TIM11_IRQHandler            0x080001f3   Thumb Code     0  startup_stm32f446xx.o(.text)
    TIM1_UP_TIM10_IRQHandler                 0x080001f3   Thumb Code     0  startup_stm32f446xx.o(.text)
    TIM2_IRQHandler                          0x080001f3   Thumb Code     0  startup_stm32f446xx.o(.text)
    TIM3_IRQHandler                          0x080001f3   Thumb Code     0  startup_stm32f446xx.o(.text)
    TIM4_IRQHandler                          0x080001f3   Thumb Code     0  startup_stm32f446xx.o(.text)
    TIM5_IRQHandler                          0x080001f3   Thumb Code     0  startup_stm32f446xx.o(.text)
    TIM6_DAC_IRQHandler                      0x080001f3   Thumb Code     0  startup_stm32f446xx.o(.text)
    TIM8_BRK_TIM12_IRQHandler                0x080001f3   Thumb Code     0  startup_stm32f446xx.o(.text)
    TIM8_CC_IRQHandler                       0x080001f3   Thumb Code     0  startup_stm32f446xx.o(.text)
    TIM8_TRG_COM_TIM14_IRQHandler            0x080001f3   Thumb Code     0  startup_stm32f446xx.o(.text)
    TIM8_UP_TIM13_IRQHandler                 0x080001f3   Thumb Code     0  startup_stm32f446xx.o(.text)
    UART4_IRQHandler                         0x080001f3   Thumb Code     0  startup_stm32f446xx.o(.text)
    UART5_IRQHandler                         0x080001f3   Thumb Code     0  startup_stm32f446xx.o(.text)
    USART6_IRQHandler                        0x080001f3   Thumb Code     0  startup_stm32f446xx.o(.text)
    WWDG_IRQHandler                          0x080001f3   Thumb Code     0  startup_stm32f446xx.o(.text)
    __aeabi_uldivmod                         0x080001fd   Thumb Code    98  uldiv.o(.text)
    strlen                                   0x0800025f   Thumb Code    14  strlen.o(.text)
    strcmp                                   0x0800026d   Thumb Code    28  strcmp.o(.text)
    strncmp                                  0x08000289   Thumb Code    30  strncmp.o(.text)
    __0sscanf                                0x080002a9   Thumb Code    48  __0sscanf.o(.text)
    _scanf_real                              0x08000409   Thumb Code     0  scanf_fp.o(.text)
    _scanf_really_real                       0x08000409   Thumb Code   556  scanf_fp.o(.text)
    __aeabi_dmul                             0x08000641   Thumb Code   228  dmul.o(.text)
    __aeabi_i2d                              0x08000725   Thumb Code    34  dflti.o(.text)
    __aeabi_f2d                              0x08000747   Thumb Code    38  f2d.o(.text)
    __aeabi_d2f                              0x0800076d   Thumb Code    56  d2f.o(.text)
    __aeabi_uidiv                            0x080007a5   Thumb Code     0  uidiv.o(.text)
    __aeabi_uidivmod                         0x080007a5   Thumb Code    44  uidiv.o(.text)
    __aeabi_llsl                             0x080007d1   Thumb Code    30  llshl.o(.text)
    _ll_shift_l                              0x080007d1   Thumb Code     0  llshl.o(.text)
    __aeabi_llsr                             0x080007ef   Thumb Code    32  llushr.o(.text)
    _ll_ushift_r                             0x080007ef   Thumb Code     0  llushr.o(.text)
    __vfscanf_char                           0x0800081d   Thumb Code    20  scanf_char.o(.text)
    _sgetc                                   0x08000839   Thumb Code    30  _sgetc.o(.text)
    _sbackspace                              0x08000857   Thumb Code    34  _sgetc.o(.text)
    __I$use$fp                               0x08000879   Thumb Code     0  iusefp.o(.text)
    _float_round                             0x08000879   Thumb Code    18  fepilogue.o(.text)
    _float_epilogue                          0x0800088b   Thumb Code    92  fepilogue.o(.text)
    _double_round                            0x080008e7   Thumb Code    30  depilogue.o(.text)
    _double_epilogue                         0x08000905   Thumb Code   156  depilogue.o(.text)
    __aeabi_dadd                             0x080009a1   Thumb Code   322  dadd.o(.text)
    __aeabi_dsub                             0x08000ae3   Thumb Code     6  dadd.o(.text)
    __aeabi_drsub                            0x08000ae9   Thumb Code     6  dadd.o(.text)
    __aeabi_ddiv                             0x08000aef   Thumb Code   222  ddiv.o(.text)
    __aeabi_ul2d                             0x08000bcd   Thumb Code    24  dfltul.o(.text)
    __aeabi_d2ulz                            0x08000be5   Thumb Code    48  dfixul.o(.text)
    __aeabi_cdrcmple                         0x08000c15   Thumb Code    48  cdrcmple.o(.text)
    __scatterload                            0x08000c45   Thumb Code    38  init.o(.text)
    __scatterload_rt2                        0x08000c45   Thumb Code     0  init.o(.text)
    __aeabi_lasr                             0x08000c75   Thumb Code    36  llsshr.o(.text)
    _ll_sshift_r                             0x08000c75   Thumb Code     0  llsshr.o(.text)
    isspace                                  0x08000c99   Thumb Code    10  isspace_c.o(.text)
    __vfscanf                                0x08000ca5   Thumb Code   808  _scanf.o(.text)
    __ctype_lookup                           0x08000fd1   Thumb Code    34  ctype_c.o(.text)
    AX_LASER_GetData                         0x08000ff9   Thumb Code   504  radar.o(.text.AX_LASER_GetData)
    AX_LASER_Start                           0x08001261   Thumb Code    70  radar.o(.text.AX_LASER_Start)
    AX_LASER_Stop                            0x080012a9   Thumb Code    42  radar.o(.text.AX_LASER_Stop)
    AX_LASER_Test                            0x080012d5   Thumb Code    84  radar.o(.text.AX_LASER_Test)
    Bluetooth_Init                           0x0800135d   Thumb Code    16  bluetooth.o(.text.Bluetooth_Init)
    Bluetooth_ProcessRadarCommands           0x0800136d   Thumb Code    76  bluetooth.o(.text.Bluetooth_ProcessRadarCommands)
    Bluetooth_RxCpltCallback                 0x080013f1   Thumb Code   368  bluetooth.o(.text.Bluetooth_RxCpltCallback)
    Bluetooth_SendPose                       0x080015f5   Thumb Code   204  bluetooth.o(.text.Bluetooth_SendPose)
    BusFault_Handler                         0x08001711   Thumb Code     2  stm32f4xx_it.o(.text.BusFault_Handler)
    Car_Init                                 0x08001715   Thumb Code   112  motor.o(.text.Car_Init)
    Car_PID_Control                          0x08001795   Thumb Code   296  motor.o(.text.Car_PID_Control)
    Car_SetAction                            0x080018c5   Thumb Code   192  motor.o(.text.Car_SetAction)
    Car_SetTargetSpeed                       0x08001985   Thumb Code    18  motor.o(.text.Car_SetTargetSpeed)
    DebugMon_Handler                         0x08001999   Thumb Code     2  stm32f4xx_it.o(.text.DebugMon_Handler)
    EXTI9_5_IRQHandler                       0x0800199d   Thumb Code     6  stm32f4xx_it.o(.text.EXTI9_5_IRQHandler)
    Encoder_Init                             0x080019a5   Thumb Code    50  encoder.o(.text.Encoder_Init)
    Encoder_Update                           0x080019d9   Thumb Code   128  encoder.o(.text.Encoder_Update)
    Error_Handler                            0x08001a65   Thumb Code    10  main.o(.text.Error_Handler)
    HAL_DMA_Abort_IT                         0x08001a71   Thumb Code    36  stm32f4xx_hal_dma.o(.text.HAL_DMA_Abort_IT)
    HAL_DMA_GetState                         0x08001a95   Thumb Code     6  stm32f4xx_hal_dma.o(.text.HAL_DMA_GetState)
    HAL_Delay                                0x08001a9d   Thumb Code    40  stm32f4xx_hal.o(.text.HAL_Delay)
    HAL_GPIO_EXTI_Callback                   0x08001ac5   Thumb Code     2  stm32f4xx_hal_gpio.o(.text.HAL_GPIO_EXTI_Callback)
    HAL_GPIO_EXTI_IRQHandler                 0x08001ac9   Thumb Code    22  stm32f4xx_hal_gpio.o(.text.HAL_GPIO_EXTI_IRQHandler)
    HAL_GPIO_Init                            0x08001ae1   Thumb Code   430  stm32f4xx_hal_gpio.o(.text.HAL_GPIO_Init)
    HAL_GPIO_WritePin                        0x08001c91   Thumb Code    10  stm32f4xx_hal_gpio.o(.text.HAL_GPIO_WritePin)
    HAL_GetTick                              0x08001c9d   Thumb Code    12  stm32f4xx_hal.o(.text.HAL_GetTick)
    HAL_I2C_AbortCpltCallback                0x08001ca9   Thumb Code     2  stm32f4xx_hal_i2c.o(.text.HAL_I2C_AbortCpltCallback)
    HAL_I2C_AddrCallback                     0x08001cad   Thumb Code     2  stm32f4xx_hal_i2c.o(.text.HAL_I2C_AddrCallback)
    HAL_I2C_ER_IRQHandler                    0x08001cb1   Thumb Code   328  stm32f4xx_hal_i2c.o(.text.HAL_I2C_ER_IRQHandler)
    HAL_I2C_EV_IRQHandler                    0x08001df9   Thumb Code  1644  stm32f4xx_hal_i2c.o(.text.HAL_I2C_EV_IRQHandler)
    HAL_I2C_ErrorCallback                    0x08002465   Thumb Code     2  stm32f4xx_hal_i2c.o(.text.HAL_I2C_ErrorCallback)
    HAL_I2C_Init                             0x08002469   Thumb Code   356  stm32f4xx_hal_i2c.o(.text.HAL_I2C_Init)
    HAL_I2C_ListenCpltCallback               0x080025cd   Thumb Code     2  stm32f4xx_hal_i2c.o(.text.HAL_I2C_ListenCpltCallback)
    HAL_I2C_MasterRxCpltCallback             0x080025d1   Thumb Code     2  stm32f4xx_hal_i2c.o(.text.HAL_I2C_MasterRxCpltCallback)
    HAL_I2C_MasterTxCpltCallback             0x080025d5   Thumb Code     2  stm32f4xx_hal_i2c.o(.text.HAL_I2C_MasterTxCpltCallback)
    HAL_I2C_MemRxCpltCallback                0x080025d9   Thumb Code     2  stm32f4xx_hal_i2c.o(.text.HAL_I2C_MemRxCpltCallback)
    HAL_I2C_MemTxCpltCallback                0x080025dd   Thumb Code     2  stm32f4xx_hal_i2c.o(.text.HAL_I2C_MemTxCpltCallback)
    HAL_I2C_Mem_Read                         0x080025e1   Thumb Code   874  stm32f4xx_hal_i2c.o(.text.HAL_I2C_Mem_Read)
    HAL_I2C_Mem_Write                        0x0800294d   Thumb Code   474  stm32f4xx_hal_i2c.o(.text.HAL_I2C_Mem_Write)
    HAL_I2C_MspInit                          0x08002b29   Thumb Code   142  i2c.o(.text.HAL_I2C_MspInit)
    HAL_I2C_SlaveRxCpltCallback              0x08002bb9   Thumb Code     2  stm32f4xx_hal_i2c.o(.text.HAL_I2C_SlaveRxCpltCallback)
    HAL_I2C_SlaveTxCpltCallback              0x08002bbd   Thumb Code     2  stm32f4xx_hal_i2c.o(.text.HAL_I2C_SlaveTxCpltCallback)
    HAL_IncTick                              0x08002bc1   Thumb Code    26  stm32f4xx_hal.o(.text.HAL_IncTick)
    HAL_Init                                 0x08002bdd   Thumb Code    54  stm32f4xx_hal.o(.text.HAL_Init)
    HAL_InitTick                             0x08002c15   Thumb Code    72  stm32f4xx_hal.o(.text.HAL_InitTick)
    HAL_MspInit                              0x08002c5d   Thumb Code    56  stm32f4xx_hal_msp.o(.text.HAL_MspInit)
    HAL_NVIC_EnableIRQ                       0x08002c95   Thumb Code    34  stm32f4xx_hal_cortex.o(.text.HAL_NVIC_EnableIRQ)
    HAL_NVIC_SetPriority                     0x08002cb9   Thumb Code    86  stm32f4xx_hal_cortex.o(.text.HAL_NVIC_SetPriority)
    HAL_NVIC_SetPriorityGrouping             0x08002d11   Thumb Code    32  stm32f4xx_hal_cortex.o(.text.HAL_NVIC_SetPriorityGrouping)
    HAL_PWREx_EnableOverDrive                0x08002d31   Thumb Code   122  stm32f4xx_hal_pwr_ex.o(.text.HAL_PWREx_EnableOverDrive)
    HAL_RCC_ClockConfig                      0x08002dad   Thumb Code   356  stm32f4xx_hal_rcc.o(.text.HAL_RCC_ClockConfig)
    HAL_RCC_GetPCLK1Freq                     0x08002f11   Thumb Code    38  stm32f4xx_hal_rcc.o(.text.HAL_RCC_GetPCLK1Freq)
    HAL_RCC_GetPCLK2Freq                     0x08002f39   Thumb Code    38  stm32f4xx_hal_rcc.o(.text.HAL_RCC_GetPCLK2Freq)
    HAL_RCC_GetSysClockFreq                  0x08002f61   Thumb Code   160  stm32f4xx_hal_rcc_ex.o(.text.HAL_RCC_GetSysClockFreq)
    HAL_RCC_OscConfig                        0x08003001   Thumb Code   844  stm32f4xx_hal_rcc_ex.o(.text.HAL_RCC_OscConfig)
    HAL_SYSTICK_Config                       0x0800334d   Thumb Code    44  stm32f4xx_hal_cortex.o(.text.HAL_SYSTICK_Config)
    HAL_TIMEx_BreakCallback                  0x08003379   Thumb Code     2  stm32f4xx_hal_tim_ex.o(.text.HAL_TIMEx_BreakCallback)
    HAL_TIMEx_CommutCallback                 0x0800337d   Thumb Code     2  stm32f4xx_hal_tim_ex.o(.text.HAL_TIMEx_CommutCallback)
    HAL_TIMEx_MasterConfigSynchronization    0x08003381   Thumb Code   186  stm32f4xx_hal_tim_ex.o(.text.HAL_TIMEx_MasterConfigSynchronization)
    HAL_TIM_Base_Init                        0x0800343d   Thumb Code    54  stm32f4xx_hal_tim.o(.text.HAL_TIM_Base_Init)
    HAL_TIM_Base_MspInit                     0x08003475   Thumb Code   116  tim.o(.text.HAL_TIM_Base_MspInit)
    HAL_TIM_Base_Start_IT                    0x080034e9   Thumb Code    32  stm32f4xx_hal_tim.o(.text.HAL_TIM_Base_Start_IT)
    HAL_TIM_ConfigClockSource                0x08003509   Thumb Code   406  stm32f4xx_hal_tim.o(.text.HAL_TIM_ConfigClockSource)
    HAL_TIM_Encoder_Init                     0x080036a1   Thumb Code   158  stm32f4xx_hal_tim.o(.text.HAL_TIM_Encoder_Init)
    HAL_TIM_Encoder_MspInit                  0x08003741   Thumb Code   186  tim.o(.text.HAL_TIM_Encoder_MspInit)
    HAL_TIM_Encoder_Start                    0x080037fd   Thumb Code    68  stm32f4xx_hal_tim.o(.text.HAL_TIM_Encoder_Start)
    HAL_TIM_IC_CaptureCallback               0x08003841   Thumb Code     2  stm32f4xx_hal_tim.o(.text.HAL_TIM_IC_CaptureCallback)
    HAL_TIM_IRQHandler                       0x08003845   Thumb Code   368  stm32f4xx_hal_tim.o(.text.HAL_TIM_IRQHandler)
    HAL_TIM_OC_DelayElapsedCallback          0x080039b5   Thumb Code     2  stm32f4xx_hal_tim.o(.text.HAL_TIM_OC_DelayElapsedCallback)
    HAL_TIM_PWM_ConfigChannel                0x080039b9   Thumb Code   542  stm32f4xx_hal_tim.o(.text.HAL_TIM_PWM_ConfigChannel)
    HAL_TIM_PWM_Init                         0x08003bd9   Thumb Code    54  stm32f4xx_hal_tim.o(.text.HAL_TIM_PWM_Init)
    HAL_TIM_PWM_MspInit                      0x08003c11   Thumb Code     2  stm32f4xx_hal_tim.o(.text.HAL_TIM_PWM_MspInit)
    HAL_TIM_PWM_PulseFinishedCallback        0x08003c15   Thumb Code     2  stm32f4xx_hal_tim.o(.text.HAL_TIM_PWM_PulseFinishedCallback)
    HAL_TIM_PWM_Start                        0x08003c19   Thumb Code    76  stm32f4xx_hal_tim.o(.text.HAL_TIM_PWM_Start)
    HAL_TIM_PeriodElapsedCallback            0x08003c65   Thumb Code    20  stm32f4xx_it.o(.text.HAL_TIM_PeriodElapsedCallback)
    HAL_TIM_TriggerCallback                  0x08003c79   Thumb Code     2  stm32f4xx_hal_tim.o(.text.HAL_TIM_TriggerCallback)
    HAL_UART_ErrorCallback                   0x08003c7d   Thumb Code     2  stm32f4xx_hal_uart.o(.text.HAL_UART_ErrorCallback)
    HAL_UART_IRQHandler                      0x08003c81   Thumb Code   622  stm32f4xx_hal_uart.o(.text.HAL_UART_IRQHandler)
    HAL_UART_Init                            0x08003ef1   Thumb Code    94  stm32f4xx_hal_uart.o(.text.HAL_UART_Init)
    HAL_UART_MspInit                         0x08003f51   Thumb Code   348  usart.o(.text.HAL_UART_MspInit)
    HAL_UART_Receive_IT                      0x080040ad   Thumb Code    84  stm32f4xx_hal_uart.o(.text.HAL_UART_Receive_IT)
    HAL_UART_RxCpltCallback                  0x08004101   Thumb Code   262  main.o(.text.HAL_UART_RxCpltCallback)
    HAL_UART_Transmit                        0x08004209   Thumb Code   402  stm32f4xx_hal_uart.o(.text.HAL_UART_Transmit)
    HAL_UART_TxCpltCallback                  0x0800439d   Thumb Code     2  stm32f4xx_hal_uart.o(.text.HAL_UART_TxCpltCallback)
    HardFault_Handler                        0x080043a1   Thumb Code     2  stm32f4xx_it.o(.text.HardFault_Handler)
    I2C1_ER_IRQHandler                       0x080043a5   Thumb Code    12  stm32f4xx_it.o(.text.I2C1_ER_IRQHandler)
    I2C1_EV_IRQHandler                       0x080043b1   Thumb Code    12  stm32f4xx_it.o(.text.I2C1_EV_IRQHandler)
    LS_DataHandle                            0x080052a1   Thumb Code   936  radar.o(.text.LS_DataHandle)
    MPU6500_Calibrate                        0x0800565d   Thumb Code   296  mpu6500.o(.text.MPU6500_Calibrate)
    MPU6500_Convert_Unit                     0x08005785   Thumb Code   148  mpu6500.o(.text.MPU6500_Convert_Unit)
    MPU6500_GetCalibratedData                0x08005825   Thumb Code    80  mpu6500.o(.text.MPU6500_GetCalibratedData)
    MPU6500_Init                             0x08005875   Thumb Code   102  mpu6500.o(.text.MPU6500_Init)
    MPU6500_LowPassFilter                    0x080058dd   Thumb Code   154  mpu6500.o(.text.MPU6500_LowPassFilter)
    MPU6500_Read_All                         0x08005979   Thumb Code   108  mpu6500.o(.text.MPU6500_Read_All)
    MX_GPIO_Init                             0x080059e5   Thumb Code   146  gpio.o(.text.MX_GPIO_Init)
    MX_I2C1_Init                             0x08005a79   Thumb Code    66  i2c.o(.text.MX_I2C1_Init)
    MX_TIM2_Init                             0x08005abd   Thumb Code   100  tim.o(.text.MX_TIM2_Init)
    MX_TIM3_Init                             0x08005b21   Thumb Code   370  tim.o(.text.MX_TIM3_Init)
    MX_TIM4_Init                             0x08005c95   Thumb Code   104  tim.o(.text.MX_TIM4_Init)
    MX_TIM7_Init                             0x08005cfd   Thumb Code    82  tim.o(.text.MX_TIM7_Init)
    MX_USART1_UART_Init                      0x08005d51   Thumb Code    60  usart.o(.text.MX_USART1_UART_Init)
    MX_USART2_UART_Init                      0x08005d8d   Thumb Code    60  usart.o(.text.MX_USART2_UART_Init)
    MX_USART3_UART_Init                      0x08005dc9   Thumb Code    60  usart.o(.text.MX_USART3_UART_Init)
    MemManage_Handler                        0x08005e05   Thumb Code     2  stm32f4xx_it.o(.text.MemManage_Handler)
    NMI_Handler                              0x08005e09   Thumb Code     2  stm32f4xx_it.o(.text.NMI_Handler)
    Odometry_GetPose                         0x08005e0d   Thumb Code    14  odometry.o(.text.Odometry_GetPose)
    Odometry_Init                            0x08005e1d   Thumb Code    18  odometry.o(.text.Odometry_Init)
    Odometry_Update                          0x08005e31   Thumb Code   192  odometry.o(.text.Odometry_Update)
    PID_Calc                                 0x08005f15   Thumb Code   140  pid.o(.text.PID_Calc)
    PID_Init                                 0x08005fb1   Thumb Code    16  pid.o(.text.PID_Init)
    PendSV_Handler                           0x08005fc1   Thumb Code     2  stm32f4xx_it.o(.text.PendSV_Handler)
    ProcessBluetoothCommand                  0x08005fc5   Thumb Code  1348  bluetooth.o(.text.ProcessBluetoothCommand)
    SVC_Handler                              0x080065d1   Thumb Code     2  stm32f4xx_it.o(.text.SVC_Handler)
    SendEncoderData                          0x080065d5   Thumb Code   340  bluetooth.o(.text.SendEncoderData)
    SendRadarData                            0x08006749   Thumb Code   200  bluetooth.o(.text.SendRadarData)
    SysTick_Handler                          0x08006835   Thumb Code     4  stm32f4xx_it.o(.text.SysTick_Handler)
    SystemClock_Config                       0x08006839   Thumb Code   196  main.o(.text.SystemClock_Config)
    SystemInit                               0x080068fd   Thumb Code    26  system_stm32f4xx.o(.text.SystemInit)
    TIM7_IRQHandler                          0x08006919   Thumb Code    12  stm32f4xx_it.o(.text.TIM7_IRQHandler)
    TIM_Base_SetConfig                       0x08006925   Thumb Code   316  stm32f4xx_hal_tim.o(.text.TIM_Base_SetConfig)
    USART1_IRQHandler                        0x08006b79   Thumb Code    12  stm32f4xx_it.o(.text.USART1_IRQHandler)
    USART2_IRQHandler                        0x08006b85   Thumb Code    12  stm32f4xx_it.o(.text.USART2_IRQHandler)
    USART3_IRQHandler                        0x08006b91   Thumb Code    12  stm32f4xx_it.o(.text.USART3_IRQHandler)
    UsageFault_Handler                       0x08006b9d   Thumb Code     2  stm32f4xx_it.o(.text.UsageFault_Handler)
    main                                     0x08006ba1   Thumb Code   372  main.o(.text.main)
    __0snprintf                              0x08006d1d   Thumb Code    48  printfa.o(i.__0snprintf)
    __1snprintf                              0x08006d1d   Thumb Code     0  printfa.o(i.__0snprintf)
    __2snprintf                              0x08006d1d   Thumb Code     0  printfa.o(i.__0snprintf)
    __c89snprintf                            0x08006d1d   Thumb Code     0  printfa.o(i.__0snprintf)
    snprintf                                 0x08006d1d   Thumb Code     0  printfa.o(i.__0snprintf)
    __0sprintf                               0x08006d51   Thumb Code    34  printfa.o(i.__0sprintf)
    __1sprintf                               0x08006d51   Thumb Code     0  printfa.o(i.__0sprintf)
    __2sprintf                               0x08006d51   Thumb Code     0  printfa.o(i.__0sprintf)
    __c89sprintf                             0x08006d51   Thumb Code     0  printfa.o(i.__0sprintf)
    sprintf                                  0x08006d51   Thumb Code     0  printfa.o(i.__0sprintf)
    __ARM_fpclassifyf                        0x08006d79   Thumb Code    38  fpclassifyf.o(i.__ARM_fpclassifyf)
    __hardfp_cosf                            0x08006da1   Thumb Code   280  cosf.o(i.__hardfp_cosf)
    __hardfp_sinf                            0x08006ef1   Thumb Code   344  sinf.o(i.__hardfp_sinf)
    __mathlib_flt_infnan                     0x08007081   Thumb Code     6  funder.o(i.__mathlib_flt_infnan)
    __mathlib_flt_invalid                    0x08007089   Thumb Code    10  funder.o(i.__mathlib_flt_invalid)
    __mathlib_flt_underflow                  0x08007099   Thumb Code    10  funder.o(i.__mathlib_flt_underflow)
    __mathlib_rredf2                         0x080070a9   Thumb Code   316  rredf.o(i.__mathlib_rredf2)
    __scatterload_copy                       0x080071fd   Thumb Code    14  handlers.o(i.__scatterload_copy)
    __scatterload_null                       0x0800720b   Thumb Code     2  handlers.o(i.__scatterload_null)
    __scatterload_zeroinit                   0x0800720d   Thumb Code    14  handlers.o(i.__scatterload_zeroinit)
    __set_errno                              0x0800721d   Thumb Code     6  errno.o(i.__set_errno)
    _is_digit                                0x080073ad   Thumb Code    14  scanf_fp.o(i._is_digit)
    __ctype_categories                       0x08007b2c   Data          64  ctype_c.o(.constdata)
    AHBPrescTable                            0x08007b6c   Data          16  system_stm32f4xx.o(.rodata.AHBPrescTable)
    APBPrescTable                            0x08007b7c   Data           8  system_stm32f4xx.o(.rodata.APBPrescTable)
    Region$$Table$$Base                      0x08007ea4   Number         0  anon$$obj.o(Region$$Table)
    Region$$Table$$Limit                     0x08007ec4   Number         0  anon$$obj.o(Region$$Table)
    uwTickFreq                               0x20000004   Data           1  stm32f4xx_hal.o(.data..L_MergedGlobals)
    uwTickPrio                               0x20000008   Data           4  stm32f4xx_hal.o(.data..L_MergedGlobals)
    SystemCoreClock                          0x2000000c   Data           4  system_stm32f4xx.o(.data.SystemCoreClock)
    car_command                              0x20000010   Data           1  main.o(.data.car_command)
    uart3_rx_data                            0x20000044   Data           1  radar.o(.bss..L_MergedGlobals)
    uart3_tx_buf                             0x2000004c   Data          10  radar.o(.bss..L_MergedGlobals)
    uart3_rx_buf                             0x20000056   Data         100  radar.o(.bss..L_MergedGlobals)
    mpu_raw                                  0x200000bc   Data          36  main.o(.bss..L_MergedGlobals)
    mpu_calib                                0x200000e0   Data          36  main.o(.bss..L_MergedGlobals)
    mpu_ctx                                  0x20000104   Data          52  main.o(.bss..L_MergedGlobals)
    pid_enabled                              0x20000144   Data           1  motor.o(.bss..L_MergedGlobals)
    pid_startup_phase                        0x20000145   Data           1  motor.o(.bss..L_MergedGlobals)
    target_left_speed                        0x20000148   Data           4  motor.o(.bss..L_MergedGlobals)
    target_right_speed                       0x2000014c   Data           4  motor.o(.bss..L_MergedGlobals)
    pid_startup_timer                        0x20000150   Data           4  motor.o(.bss..L_MergedGlobals)
    left_pid                                 0x20000154   Data          36  motor.o(.bss..L_MergedGlobals)
    right_pid                                0x20000178   Data          36  motor.o(.bss..L_MergedGlobals)
    left_speed_mps                           0x2000019c   Data           4  encoder.o(.bss..L_MergedGlobals)
    right_speed_mps                          0x200001a0   Data           4  encoder.o(.bss..L_MergedGlobals)
    left_total_revs                          0x200001a4   Data           4  encoder.o(.bss..L_MergedGlobals)
    right_total_revs                         0x200001a8   Data           4  encoder.o(.bss..L_MergedGlobals)
    ax_ls_point                              0x20000594   Data        1000  radar.o(.bss.ax_ls_point)
    hi2c1                                    0x2000097c   Data          84  i2c.o(.bss.hi2c1)
    htim2                                    0x200009d0   Data          64  tim.o(.bss.htim2)
    htim3                                    0x20000a10   Data          64  tim.o(.bss.htim3)
    htim4                                    0x20000a50   Data          64  tim.o(.bss.htim4)
    htim7                                    0x20000a90   Data          64  tim.o(.bss.htim7)
    huart1                                   0x20000ad0   Data          64  usart.o(.bss.huart1)
    huart2                                   0x20000b10   Data          64  usart.o(.bss.huart2)
    huart3                                   0x20000b50   Data          64  usart.o(.bss.huart3)
    uart3_rx_chksum                          0x20000b90   Data           1  radar.o(.bss.uart3_rx_chksum)
    uart3_rx_con                             0x20000b91   Data           1  radar.o(.bss.uart3_rx_con)
    uwTick                                   0x20000b94   Data           4  stm32f4xx_hal.o(.bss.uwTick)
    __initial_sp                             0x20000f98   Data           0  startup_stm32f446xx.o(STACK)



==============================================================================

Memory Map of the image

  Image Entry point : 0x080001c5

  Load Region LR_IROM1 (Base: 0x08000000, Size: 0x00007ee0, Max: 0x00080000, ABSOLUTE)

    Execution Region ER_IROM1 (Exec base: 0x08000000, Load base: 0x08000000, Size: 0x00007ec4, Max: 0x00080000, ABSOLUTE)

    Exec Addr    Load Addr    Size         Type   Attr      Idx    E Section Name        Object

    0x08000000   0x08000000   0x000001c4   Data   RO            3    RESET               startup_stm32f446xx.o
    0x080001c4   0x080001c4   0x00000000   Code   RO         1285  * .ARM.Collect$$$$00000000  mc_w.l(entry.o)
    0x080001c4   0x080001c4   0x00000004   Code   RO         1590    .ARM.Collect$$$$00000001  mc_w.l(entry2.o)
    0x080001c8   0x080001c8   0x00000004   Code   RO         1593    .ARM.Collect$$$$00000004  mc_w.l(entry5.o)
    0x080001cc   0x080001cc   0x00000000   Code   RO         1595    .ARM.Collect$$$$00000008  mc_w.l(entry7b.o)
    0x080001cc   0x080001cc   0x00000000   Code   RO         1597    .ARM.Collect$$$$0000000A  mc_w.l(entry8b.o)
    0x080001cc   0x080001cc   0x00000008   Code   RO         1598    .ARM.Collect$$$$0000000B  mc_w.l(entry9a.o)
    0x080001d4   0x080001d4   0x00000000   Code   RO         1600    .ARM.Collect$$$$0000000D  mc_w.l(entry10a.o)
    0x080001d4   0x080001d4   0x00000000   Code   RO         1602    .ARM.Collect$$$$0000000F  mc_w.l(entry11a.o)
    0x080001d4   0x080001d4   0x00000004   Code   RO         1591    .ARM.Collect$$$$00002712  mc_w.l(entry2.o)
    0x080001d8   0x080001d8   0x00000024   Code   RO            4    .text               startup_stm32f446xx.o
    0x080001fc   0x080001fc   0x00000062   Code   RO         1288    .text               mc_w.l(uldiv.o)
    0x0800025e   0x0800025e   0x0000000e   Code   RO         1290    .text               mc_w.l(strlen.o)
    0x0800026c   0x0800026c   0x0000001c   Code   RO         1292    .text               mc_w.l(strcmp.o)
    0x08000288   0x08000288   0x0000001e   Code   RO         1294    .text               mc_w.l(strncmp.o)
    0x080002a6   0x080002a6   0x00000002   PAD
    0x080002a8   0x080002a8   0x00000038   Code   RO         1557    .text               mc_w.l(__0sscanf.o)
    0x080002e0   0x080002e0   0x00000360   Code   RO         1559    .text               mc_w.l(scanf_fp.o)
    0x08000640   0x08000640   0x000000e4   Code   RO         1563    .text               mf_w.l(dmul.o)
    0x08000724   0x08000724   0x00000022   Code   RO         1565    .text               mf_w.l(dflti.o)
    0x08000746   0x08000746   0x00000026   Code   RO         1567    .text               mf_w.l(f2d.o)
    0x0800076c   0x0800076c   0x00000038   Code   RO         1569    .text               mf_w.l(d2f.o)
    0x080007a4   0x080007a4   0x0000002c   Code   RO         1618    .text               mc_w.l(uidiv.o)
    0x080007d0   0x080007d0   0x0000001e   Code   RO         1620    .text               mc_w.l(llshl.o)
    0x080007ee   0x080007ee   0x00000020   Code   RO         1622    .text               mc_w.l(llushr.o)
    0x0800080e   0x0800080e   0x00000002   PAD
    0x08000810   0x08000810   0x00000028   Code   RO         1631    .text               mc_w.l(scanf_char.o)
    0x08000838   0x08000838   0x00000040   Code   RO         1633    .text               mc_w.l(_sgetc.o)
    0x08000878   0x08000878   0x00000000   Code   RO         1635    .text               mc_w.l(iusefp.o)
    0x08000878   0x08000878   0x0000006e   Code   RO         1636    .text               mf_w.l(fepilogue.o)
    0x080008e6   0x080008e6   0x000000ba   Code   RO         1638    .text               mf_w.l(depilogue.o)
    0x080009a0   0x080009a0   0x0000014e   Code   RO         1640    .text               mf_w.l(dadd.o)
    0x08000aee   0x08000aee   0x000000de   Code   RO         1642    .text               mf_w.l(ddiv.o)
    0x08000bcc   0x08000bcc   0x00000018   Code   RO         1644    .text               mf_w.l(dfltul.o)
    0x08000be4   0x08000be4   0x00000030   Code   RO         1646    .text               mf_w.l(dfixul.o)
    0x08000c14   0x08000c14   0x00000030   Code   RO         1648    .text               mf_w.l(cdrcmple.o)
    0x08000c44   0x08000c44   0x00000030   Code   RO         1650    .text               mc_w.l(init.o)
    0x08000c74   0x08000c74   0x00000024   Code   RO         1653    .text               mc_w.l(llsshr.o)
    0x08000c98   0x08000c98   0x0000000a   Code   RO         1655    .text               mc_w.l(isspace_c.o)
    0x08000ca2   0x08000ca2   0x00000002   PAD
    0x08000ca4   0x08000ca4   0x0000032c   Code   RO         1657    .text               mc_w.l(_scanf.o)
    0x08000fd0   0x08000fd0   0x00000028   Code   RO         1660    .text               mc_w.l(ctype_c.o)
    0x08000ff8   0x08000ff8   0x00000268   Code   RO           44    .text.AX_LASER_GetData  radar.o
    0x08001260   0x08001260   0x00000046   Code   RO           38    .text.AX_LASER_Start  radar.o
    0x080012a6   0x080012a6   0x00000002   PAD
    0x080012a8   0x080012a8   0x0000002a   Code   RO           40    .text.AX_LASER_Stop  radar.o
    0x080012d2   0x080012d2   0x00000002   PAD
    0x080012d4   0x080012d4   0x00000088   Code   RO           42    .text.AX_LASER_Test  radar.o
    0x0800135c   0x0800135c   0x00000010   Code   RO           11    .text.Bluetooth_Init  bluetooth.o
    0x0800136c   0x0800136c   0x00000084   Code   RO           23    .text.Bluetooth_ProcessRadarCommands  bluetooth.o
    0x080013f0   0x080013f0   0x00000204   Code   RO           19    .text.Bluetooth_RxCpltCallback  bluetooth.o
    0x080015f4   0x080015f4   0x0000011c   Code   RO           21    .text.Bluetooth_SendPose  bluetooth.o
    0x08001710   0x08001710   0x00000002   Code   RO          182    .text.BusFault_Handler  stm32f4xx_it.o
    0x08001712   0x08001712   0x00000002   PAD
    0x08001714   0x08001714   0x00000080   Code   RO          241    .text.Car_Init      motor.o
    0x08001794   0x08001794   0x00000130   Code   RO          249    .text.Car_PID_Control  motor.o
    0x080018c4   0x080018c4   0x000000c0   Code   RO          245    .text.Car_SetAction  motor.o
    0x08001984   0x08001984   0x00000012   Code   RO          247    .text.Car_SetTargetSpeed  motor.o
    0x08001996   0x08001996   0x00000002   PAD
    0x08001998   0x08001998   0x00000002   Code   RO          188    .text.DebugMon_Handler  stm32f4xx_it.o
    0x0800199a   0x0800199a   0x00000002   PAD
    0x0800199c   0x0800199c   0x00000006   Code   RO          194    .text.EXTI9_5_IRQHandler  stm32f4xx_it.o
    0x080019a2   0x080019a2   0x00000002   PAD
    0x080019a4   0x080019a4   0x00000032   Code   RO          260    .text.Encoder_Init  encoder.o
    0x080019d6   0x080019d6   0x00000002   PAD
    0x080019d8   0x080019d8   0x0000008c   Code   RO          262    .text.Encoder_Update  encoder.o
    0x08001a64   0x08001a64   0x0000000a   Code   RO           86    .text.Error_Handler  main.o
    0x08001a6e   0x08001a6e   0x00000002   PAD
    0x08001a70   0x08001a70   0x00000024   Code   RO          624    .text.HAL_DMA_Abort_IT  stm32f4xx_hal_dma.o
    0x08001a94   0x08001a94   0x00000006   Code   RO          634    .text.HAL_DMA_GetState  stm32f4xx_hal_dma.o
    0x08001a9a   0x08001a9a   0x00000002   PAD
    0x08001a9c   0x08001a9c   0x00000028   Code   RO          781    .text.HAL_Delay     stm32f4xx_hal.o
    0x08001ac4   0x08001ac4   0x00000002   Code   RO          590    .text.HAL_GPIO_EXTI_Callback  stm32f4xx_hal_gpio.o
    0x08001ac6   0x08001ac6   0x00000002   PAD
    0x08001ac8   0x08001ac8   0x00000016   Code   RO          588    .text.HAL_GPIO_EXTI_IRQHandler  stm32f4xx_hal_gpio.o
    0x08001ade   0x08001ade   0x00000002   PAD
    0x08001ae0   0x08001ae0   0x000001ae   Code   RO          576    .text.HAL_GPIO_Init  stm32f4xx_hal_gpio.o
    0x08001c8e   0x08001c8e   0x00000002   PAD
    0x08001c90   0x08001c90   0x0000000a   Code   RO          582    .text.HAL_GPIO_WritePin  stm32f4xx_hal_gpio.o
    0x08001c9a   0x08001c9a   0x00000002   PAD
    0x08001c9c   0x08001c9c   0x0000000c   Code   RO          773    .text.HAL_GetTick   stm32f4xx_hal.o
    0x08001ca8   0x08001ca8   0x00000002   Code   RO          409    .text.HAL_I2C_AbortCpltCallback  stm32f4xx_hal_i2c.o
    0x08001caa   0x08001caa   0x00000002   PAD
    0x08001cac   0x08001cac   0x00000002   Code   RO          399    .text.HAL_I2C_AddrCallback  stm32f4xx_hal_i2c.o
    0x08001cae   0x08001cae   0x00000002   PAD
    0x08001cb0   0x08001cb0   0x00000148   Code   RO          389    .text.HAL_I2C_ER_IRQHandler  stm32f4xx_hal_i2c.o
    0x08001df8   0x08001df8   0x0000066c   Code   RO          377    .text.HAL_I2C_EV_IRQHandler  stm32f4xx_hal_i2c.o
    0x08002464   0x08002464   0x00000002   Code   RO          407    .text.HAL_I2C_ErrorCallback  stm32f4xx_hal_i2c.o
    0x08002466   0x08002466   0x00000002   PAD
    0x08002468   0x08002468   0x00000164   Code   RO          293    .text.HAL_I2C_Init  stm32f4xx_hal_i2c.o
    0x080025cc   0x080025cc   0x00000002   Code   RO          401    .text.HAL_I2C_ListenCpltCallback  stm32f4xx_hal_i2c.o
    0x080025ce   0x080025ce   0x00000002   PAD
    0x080025d0   0x080025d0   0x00000002   Code   RO          393    .text.HAL_I2C_MasterRxCpltCallback  stm32f4xx_hal_i2c.o
    0x080025d2   0x080025d2   0x00000002   PAD
    0x080025d4   0x080025d4   0x00000002   Code   RO          391    .text.HAL_I2C_MasterTxCpltCallback  stm32f4xx_hal_i2c.o
    0x080025d6   0x080025d6   0x00000002   PAD
    0x080025d8   0x080025d8   0x00000002   Code   RO          405    .text.HAL_I2C_MemRxCpltCallback  stm32f4xx_hal_i2c.o
    0x080025da   0x080025da   0x00000002   PAD
    0x080025dc   0x080025dc   0x00000002   Code   RO          403    .text.HAL_I2C_MemTxCpltCallback  stm32f4xx_hal_i2c.o
    0x080025de   0x080025de   0x00000002   PAD
    0x080025e0   0x080025e0   0x0000036a   Code   RO          337    .text.HAL_I2C_Mem_Read  stm32f4xx_hal_i2c.o
    0x0800294a   0x0800294a   0x00000002   PAD
    0x0800294c   0x0800294c   0x000001da   Code   RO          333    .text.HAL_I2C_Mem_Write  stm32f4xx_hal_i2c.o
    0x08002b26   0x08002b26   0x00000002   PAD
    0x08002b28   0x08002b28   0x0000008e   Code   RO          112    .text.HAL_I2C_MspInit  i2c.o
    0x08002bb6   0x08002bb6   0x00000002   PAD
    0x08002bb8   0x08002bb8   0x00000002   Code   RO          397    .text.HAL_I2C_SlaveRxCpltCallback  stm32f4xx_hal_i2c.o
    0x08002bba   0x08002bba   0x00000002   PAD
    0x08002bbc   0x08002bbc   0x00000002   Code   RO          395    .text.HAL_I2C_SlaveTxCpltCallback  stm32f4xx_hal_i2c.o
    0x08002bbe   0x08002bbe   0x00000002   PAD
    0x08002bc0   0x08002bc0   0x0000001a   Code   RO          771    .text.HAL_IncTick   stm32f4xx_hal.o
    0x08002bda   0x08002bda   0x00000002   PAD
    0x08002bdc   0x08002bdc   0x00000036   Code   RO          761    .text.HAL_Init      stm32f4xx_hal.o
    0x08002c12   0x08002c12   0x00000002   PAD
    0x08002c14   0x08002c14   0x00000048   Code   RO          763    .text.HAL_InitTick  stm32f4xx_hal.o
    0x08002c5c   0x08002c5c   0x00000038   Code   RO          218    .text.HAL_MspInit   stm32f4xx_hal_msp.o
    0x08002c94   0x08002c94   0x00000022   Code   RO          719    .text.HAL_NVIC_EnableIRQ  stm32f4xx_hal_cortex.o
    0x08002cb6   0x08002cb6   0x00000002   PAD
    0x08002cb8   0x08002cb8   0x00000056   Code   RO          717    .text.HAL_NVIC_SetPriority  stm32f4xx_hal_cortex.o
    0x08002d0e   0x08002d0e   0x00000002   PAD
    0x08002d10   0x08002d10   0x00000020   Code   RO          715    .text.HAL_NVIC_SetPriorityGrouping  stm32f4xx_hal_cortex.o
    0x08002d30   0x08002d30   0x0000007a   Code   RO          701    .text.HAL_PWREx_EnableOverDrive  stm32f4xx_hal_pwr_ex.o
    0x08002daa   0x08002daa   0x00000002   PAD
    0x08002dac   0x08002dac   0x00000164   Code   RO          443    .text.HAL_RCC_ClockConfig  stm32f4xx_hal_rcc.o
    0x08002f10   0x08002f10   0x00000026   Code   RO          455    .text.HAL_RCC_GetPCLK1Freq  stm32f4xx_hal_rcc.o
    0x08002f36   0x08002f36   0x00000002   PAD
    0x08002f38   0x08002f38   0x00000026   Code   RO          457    .text.HAL_RCC_GetPCLK2Freq  stm32f4xx_hal_rcc.o
    0x08002f5e   0x08002f5e   0x00000002   PAD
    0x08002f60   0x08002f60   0x000000a0   Code   RO          491    .text.HAL_RCC_GetSysClockFreq  stm32f4xx_hal_rcc_ex.o
    0x08003000   0x08003000   0x0000034c   Code   RO          495    .text.HAL_RCC_OscConfig  stm32f4xx_hal_rcc_ex.o
    0x0800334c   0x0800334c   0x0000002c   Code   RO          727    .text.HAL_SYSTICK_Config  stm32f4xx_hal_cortex.o
    0x08003378   0x08003378   0x00000002   Code   RO         1141    .text.HAL_TIMEx_BreakCallback  stm32f4xx_hal_tim_ex.o
    0x0800337a   0x0800337a   0x00000002   PAD
    0x0800337c   0x0800337c   0x00000002   Code   RO         1137    .text.HAL_TIMEx_CommutCallback  stm32f4xx_hal_tim_ex.o
    0x0800337e   0x0800337e   0x00000002   PAD
    0x08003380   0x08003380   0x000000ba   Code   RO         1131    .text.HAL_TIMEx_MasterConfigSynchronization  stm32f4xx_hal_tim_ex.o
    0x0800343a   0x0800343a   0x00000002   PAD
    0x0800343c   0x0800343c   0x00000036   Code   RO          851    .text.HAL_TIM_Base_Init  stm32f4xx_hal_tim.o
    0x08003472   0x08003472   0x00000002   PAD
    0x08003474   0x08003474   0x00000074   Code   RO          137    .text.HAL_TIM_Base_MspInit  tim.o
    0x080034e8   0x080034e8   0x00000020   Code   RO          865    .text.HAL_TIM_Base_Start_IT  stm32f4xx_hal_tim.o
    0x08003508   0x08003508   0x00000196   Code   RO         1027    .text.HAL_TIM_ConfigClockSource  stm32f4xx_hal_tim.o
    0x0800369e   0x0800369e   0x00000002   PAD
    0x080036a0   0x080036a0   0x0000009e   Code   RO          965    .text.HAL_TIM_Encoder_Init  stm32f4xx_hal_tim.o
    0x0800373e   0x0800373e   0x00000002   PAD
    0x08003740   0x08003740   0x000000ba   Code   RO          135    .text.HAL_TIM_Encoder_MspInit  tim.o
    0x080037fa   0x080037fa   0x00000002   PAD
    0x080037fc   0x080037fc   0x00000044   Code   RO          973    .text.HAL_TIM_Encoder_Start  stm32f4xx_hal_tim.o
    0x08003840   0x08003840   0x00000002   Code   RO          987    .text.HAL_TIM_IC_CaptureCallback  stm32f4xx_hal_tim.o
    0x08003842   0x08003842   0x00000002   PAD
    0x08003844   0x08003844   0x00000170   Code   RO          985    .text.HAL_TIM_IRQHandler  stm32f4xx_hal_tim.o
    0x080039b4   0x080039b4   0x00000002   Code   RO          989    .text.HAL_TIM_OC_DelayElapsedCallback  stm32f4xx_hal_tim.o
    0x080039b6   0x080039b6   0x00000002   PAD
    0x080039b8   0x080039b8   0x0000021e   Code   RO         1005    .text.HAL_TIM_PWM_ConfigChannel  stm32f4xx_hal_tim.o
    0x08003bd6   0x08003bd6   0x00000002   PAD
    0x08003bd8   0x08003bd8   0x00000036   Code   RO          905    .text.HAL_TIM_PWM_Init  stm32f4xx_hal_tim.o
    0x08003c0e   0x08003c0e   0x00000002   PAD
    0x08003c10   0x08003c10   0x00000002   Code   RO          907    .text.HAL_TIM_PWM_MspInit  stm32f4xx_hal_tim.o
    0x08003c12   0x08003c12   0x00000002   PAD
    0x08003c14   0x08003c14   0x00000002   Code   RO          991    .text.HAL_TIM_PWM_PulseFinishedCallback  stm32f4xx_hal_tim.o
    0x08003c16   0x08003c16   0x00000002   PAD
    0x08003c18   0x08003c18   0x0000004c   Code   RO          913    .text.HAL_TIM_PWM_Start  stm32f4xx_hal_tim.o
    0x08003c64   0x08003c64   0x00000014   Code   RO          208    .text.HAL_TIM_PeriodElapsedCallback  stm32f4xx_it.o
    0x08003c78   0x08003c78   0x00000002   Code   RO          995    .text.HAL_TIM_TriggerCallback  stm32f4xx_hal_tim.o
    0x08003c7a   0x08003c7a   0x00000002   PAD
    0x08003c7c   0x08003c7c   0x00000002   Code   RO         1227    .text.HAL_UART_ErrorCallback  stm32f4xx_hal_uart.o
    0x08003c7e   0x08003c7e   0x00000002   PAD
    0x08003c80   0x08003c80   0x0000026e   Code   RO         1223    .text.HAL_UART_IRQHandler  stm32f4xx_hal_uart.o
    0x08003eee   0x08003eee   0x00000002   PAD
    0x08003ef0   0x08003ef0   0x0000005e   Code   RO         1153    .text.HAL_UART_Init  stm32f4xx_hal_uart.o
    0x08003f4e   0x08003f4e   0x00000002   PAD
    0x08003f50   0x08003f50   0x0000015c   Code   RO          161    .text.HAL_UART_MspInit  usart.o
    0x080040ac   0x080040ac   0x00000054   Code   RO         1175    .text.HAL_UART_Receive_IT  stm32f4xx_hal_uart.o
    0x08004100   0x08004100   0x00000106   Code   RO           88    .text.HAL_UART_RxCpltCallback  main.o
    0x08004206   0x08004206   0x00000002   PAD
    0x08004208   0x08004208   0x00000192   Code   RO         1169    .text.HAL_UART_Transmit  stm32f4xx_hal_uart.o
    0x0800439a   0x0800439a   0x00000002   PAD
    0x0800439c   0x0800439c   0x00000002   Code   RO         1229    .text.HAL_UART_TxCpltCallback  stm32f4xx_hal_uart.o
    0x0800439e   0x0800439e   0x00000002   PAD
    0x080043a0   0x080043a0   0x00000002   Code   RO          178    .text.HardFault_Handler  stm32f4xx_it.o
    0x080043a2   0x080043a2   0x00000002   PAD
    0x080043a4   0x080043a4   0x0000000c   Code   RO          198    .text.I2C1_ER_IRQHandler  stm32f4xx_it.o
    0x080043b0   0x080043b0   0x0000000c   Code   RO          196    .text.I2C1_EV_IRQHandler  stm32f4xx_it.o
    0x080043bc   0x080043bc   0x00000122   Code   RO          363    .text.I2C_DMAAbort  stm32f4xx_hal_i2c.o
    0x080044de   0x080044de   0x00000002   PAD
    0x080044e0   0x080044e0   0x0000018c   Code   RO          375    .text.I2C_ITError   stm32f4xx_hal_i2c.o
    0x0800466c   0x0800466c   0x000000e8   Code   RO          387    .text.I2C_MasterReceive_BTF  stm32f4xx_hal_i2c.o
    0x08004754   0x08004754   0x00000136   Code   RO          385    .text.I2C_MasterReceive_RXNE  stm32f4xx_hal_i2c.o
    0x0800488a   0x0800488a   0x00000002   PAD
    0x0800488c   0x0800488c   0x00000076   Code   RO          381    .text.I2C_MasterTransmit_BTF  stm32f4xx_hal_i2c.o
    0x08004902   0x08004902   0x00000002   PAD
    0x08004904   0x08004904   0x000000b2   Code   RO          379    .text.I2C_MasterTransmit_TXE  stm32f4xx_hal_i2c.o
    0x080049b6   0x080049b6   0x00000002   PAD
    0x080049b8   0x080049b8   0x000000ac   Code   RO          383    .text.I2C_MemoryTransmit_TXE_BTF  stm32f4xx_hal_i2c.o
    0x08004a64   0x08004a64   0x0000031a   Code   RO          339    .text.I2C_RequestMemoryRead  stm32f4xx_hal_i2c.o
    0x08004d7e   0x08004d7e   0x00000002   PAD
    0x08004d80   0x08004d80   0x00000272   Code   RO          335    .text.I2C_RequestMemoryWrite  stm32f4xx_hal_i2c.o
    0x08004ff2   0x08004ff2   0x00000002   PAD
    0x08004ff4   0x08004ff4   0x000000a8   Code   RO          305    .text.I2C_WaitOnBTFFlagUntilTimeout  stm32f4xx_hal_i2c.o
    0x0800509c   0x0800509c   0x00000148   Code   RO          303    .text.I2C_WaitOnFlagUntilTimeout  stm32f4xx_hal_i2c.o
    0x080051e4   0x080051e4   0x000000b8   Code   RO          417    .text.I2C_WaitOnMasterAddressFlagUntilTimeout  stm32f4xx_hal_i2c.o
    0x0800529c   0x0800529c   0x00000004   PAD
    0x080052a0   0x080052a0   0x000003bc   Code   RO           36    .text.LS_DataHandle  radar.o
    0x0800565c   0x0800565c   0x00000128   Code   RO           62    .text.MPU6500_Calibrate  mpu6500.o
    0x08005784   0x08005784   0x000000a0   Code   RO           68    .text.MPU6500_Convert_Unit  mpu6500.o
    0x08005824   0x08005824   0x00000050   Code   RO           66    .text.MPU6500_GetCalibratedData  mpu6500.o
    0x08005874   0x08005874   0x00000066   Code   RO           60    .text.MPU6500_Init  mpu6500.o
    0x080058da   0x080058da   0x00000002   PAD
    0x080058dc   0x080058dc   0x0000009a   Code   RO           70    .text.MPU6500_LowPassFilter  mpu6500.o
    0x08005976   0x08005976   0x00000002   PAD
    0x08005978   0x08005978   0x0000006c   Code   RO           64    .text.MPU6500_Read_All  mpu6500.o
    0x080059e4   0x080059e4   0x00000092   Code   RO          101    .text.MX_GPIO_Init  gpio.o
    0x08005a76   0x08005a76   0x00000002   PAD
    0x08005a78   0x08005a78   0x00000042   Code   RO          110    .text.MX_I2C1_Init  i2c.o
    0x08005aba   0x08005aba   0x00000002   PAD
    0x08005abc   0x08005abc   0x00000064   Code   RO          125    .text.MX_TIM2_Init  tim.o
    0x08005b20   0x08005b20   0x00000172   Code   RO          127    .text.MX_TIM3_Init  tim.o
    0x08005c92   0x08005c92   0x00000002   PAD
    0x08005c94   0x08005c94   0x00000068   Code   RO          131    .text.MX_TIM4_Init  tim.o
    0x08005cfc   0x08005cfc   0x00000052   Code   RO          133    .text.MX_TIM7_Init  tim.o
    0x08005d4e   0x08005d4e   0x00000002   PAD
    0x08005d50   0x08005d50   0x0000003c   Code   RO          155    .text.MX_USART1_UART_Init  usart.o
    0x08005d8c   0x08005d8c   0x0000003c   Code   RO          157    .text.MX_USART2_UART_Init  usart.o
    0x08005dc8   0x08005dc8   0x0000003c   Code   RO          159    .text.MX_USART3_UART_Init  usart.o
    0x08005e04   0x08005e04   0x00000002   Code   RO          180    .text.MemManage_Handler  stm32f4xx_it.o
    0x08005e06   0x08005e06   0x00000002   PAD
    0x08005e08   0x08005e08   0x00000002   Code   RO          176    .text.NMI_Handler   stm32f4xx_it.o
    0x08005e0a   0x08005e0a   0x00000002   PAD
    0x08005e0c   0x08005e0c   0x0000000e   Code   RO          230    .text.Odometry_GetPose  odometry.o
    0x08005e1a   0x08005e1a   0x00000002   PAD
    0x08005e1c   0x08005e1c   0x00000012   Code   RO          226    .text.Odometry_Init  odometry.o
    0x08005e2e   0x08005e2e   0x00000002   PAD
    0x08005e30   0x08005e30   0x000000e4   Code   RO          228    .text.Odometry_Update  odometry.o
    0x08005f14   0x08005f14   0x0000009c   Code   RO          283    .text.PID_Calc      pid.o
    0x08005fb0   0x08005fb0   0x00000010   Code   RO          281    .text.PID_Init      pid.o
    0x08005fc0   0x08005fc0   0x00000002   Code   RO          190    .text.PendSV_Handler  stm32f4xx_it.o
    0x08005fc2   0x08005fc2   0x00000002   PAD
    0x08005fc4   0x08005fc4   0x0000060c   Code   RO           13    .text.ProcessBluetoothCommand  bluetooth.o
    0x080065d0   0x080065d0   0x00000002   Code   RO          186    .text.SVC_Handler   stm32f4xx_it.o
    0x080065d2   0x080065d2   0x00000002   PAD
    0x080065d4   0x080065d4   0x00000174   Code   RO           15    .text.SendEncoderData  bluetooth.o
    0x08006748   0x08006748   0x000000ec   Code   RO           17    .text.SendRadarData  bluetooth.o
    0x08006834   0x08006834   0x00000004   Code   RO          192    .text.SysTick_Handler  stm32f4xx_it.o
    0x08006838   0x08006838   0x000000c4   Code   RO           84    .text.SystemClock_Config  main.o
    0x080068fc   0x080068fc   0x0000001a   Code   RO         1259    .text.SystemInit    system_stm32f4xx.o
    0x08006916   0x08006916   0x00000002   PAD
    0x08006918   0x08006918   0x0000000c   Code   RO          206    .text.TIM7_IRQHandler  stm32f4xx_it.o
    0x08006924   0x08006924   0x0000013c   Code   RO          855    .text.TIM_Base_SetConfig  stm32f4xx_hal_tim.o
    0x08006a60   0x08006a60   0x0000000c   Code   RO         1225    .text.UART_DMAAbortOnError  stm32f4xx_hal_uart.o
    0x08006a6c   0x08006a6c   0x0000010a   Code   RO         1157    .text.UART_SetConfig  stm32f4xx_hal_uart.o
    0x08006b76   0x08006b76   0x00000002   PAD
    0x08006b78   0x08006b78   0x0000000c   Code   RO          200    .text.USART1_IRQHandler  stm32f4xx_it.o
    0x08006b84   0x08006b84   0x0000000c   Code   RO          202    .text.USART2_IRQHandler  stm32f4xx_it.o
    0x08006b90   0x08006b90   0x0000000c   Code   RO          204    .text.USART3_IRQHandler  stm32f4xx_it.o
    0x08006b9c   0x08006b9c   0x00000002   Code   RO          184    .text.UsageFault_Handler  stm32f4xx_it.o
    0x08006b9e   0x08006b9e   0x00000002   PAD
    0x08006ba0   0x08006ba0   0x0000017c   Code   RO           82    .text.main          main.o
    0x08006d1c   0x08006d1c   0x00000034   Code   RO         1530    i.__0snprintf       mc_w.l(printfa.o)
    0x08006d50   0x08006d50   0x00000028   Code   RO         1531    i.__0sprintf        mc_w.l(printfa.o)
    0x08006d78   0x08006d78   0x00000026   Code   RO         1571    i.__ARM_fpclassifyf  m_wm.l(fpclassifyf.o)
    0x08006d9e   0x08006d9e   0x00000002   PAD
    0x08006da0   0x08006da0   0x00000150   Code   RO         1273    i.__hardfp_cosf     m_wm.l(cosf.o)
    0x08006ef0   0x08006ef0   0x00000190   Code   RO         1279    i.__hardfp_sinf     m_wm.l(sinf.o)
    0x08007080   0x08007080   0x00000006   Code   RO         1574    i.__mathlib_flt_infnan  m_wm.l(funder.o)
    0x08007086   0x08007086   0x00000002   PAD
    0x08007088   0x08007088   0x00000010   Code   RO         1576    i.__mathlib_flt_invalid  m_wm.l(funder.o)
    0x08007098   0x08007098   0x00000010   Code   RO         1579    i.__mathlib_flt_underflow  m_wm.l(funder.o)
    0x080070a8   0x080070a8   0x00000154   Code   RO         1587    i.__mathlib_rredf2  m_wm.l(rredf.o)
    0x080071fc   0x080071fc   0x0000000e   Code   RO         1665    i.__scatterload_copy  mc_w.l(handlers.o)
    0x0800720a   0x0800720a   0x00000002   Code   RO         1666    i.__scatterload_null  mc_w.l(handlers.o)
    0x0800720c   0x0800720c   0x0000000e   Code   RO         1667    i.__scatterload_zeroinit  mc_w.l(handlers.o)
    0x0800721a   0x0800721a   0x00000002   PAD
    0x0800721c   0x0800721c   0x0000000c   Code   RO         1626    i.__set_errno       mc_w.l(errno.o)
    0x08007228   0x08007228   0x00000184   Code   RO         1536    i._fp_digits        mc_w.l(printfa.o)
    0x080073ac   0x080073ac   0x0000000e   Code   RO         1561    i._is_digit         mc_w.l(scanf_fp.o)
    0x080073ba   0x080073ba   0x00000002   PAD
    0x080073bc   0x080073bc   0x000006dc   Code   RO         1537    i._printf_core      mc_w.l(printfa.o)
    0x08007a98   0x08007a98   0x00000024   Code   RO         1538    i._printf_post_padding  mc_w.l(printfa.o)
    0x08007abc   0x08007abc   0x0000002e   Code   RO         1539    i._printf_pre_padding  mc_w.l(printfa.o)
    0x08007aea   0x08007aea   0x00000016   Code   RO         1540    i._snputc           mc_w.l(printfa.o)
    0x08007b00   0x08007b00   0x0000000a   Code   RO         1541    i._sputc            mc_w.l(printfa.o)
    0x08007b0a   0x08007b0a   0x00000002   PAD
    0x08007b0c   0x08007b0c   0x00000020   Data   RO         1588    .constdata          m_wm.l(rredf.o)
    0x08007b2c   0x08007b2c   0x00000040   Data   RO         1661    .constdata          mc_w.l(ctype_c.o)
    0x08007b6c   0x08007b6c   0x00000010   Data   RO         1264    .rodata.AHBPrescTable  system_stm32f4xx.o
    0x08007b7c   0x08007b7c   0x00000008   Data   RO         1265    .rodata.APBPrescTable  system_stm32f4xx.o
    0x08007b84   0x08007b84   0x000002ee   Data   RO           25    .rodata.str1.1      bluetooth.o
    0x08007e72   0x08007e72   0x0000002f   Data   RO           49    .rodata.str1.1      radar.o
    0x08007ea1   0x08007ea1   0x00000003   PAD
    0x08007ea4   0x08007ea4   0x00000020   Data   RO         1664    Region$$Table       anon$$obj.o


    Execution Region RW_IRAM1 (Exec base: 0x20000000, Load base: 0x08007ec8, Size: 0x00000f98, Max: 0x00020000, ABSOLUTE)

    Exec Addr    Load Addr    Size         Type   Attr      Idx    E Section Name        Object

    0x20000000   0x08007ec8   0x00000004   Data   RW         1627    .data               mc_w.l(errno.o)
    0x20000004   0x08007ecc   0x00000008   Data   RW          816    .data..L_MergedGlobals  stm32f4xx_hal.o
    0x2000000c   0x08007ed4   0x00000004   Data   RW         1263    .data.SystemCoreClock  system_stm32f4xx.o
    0x20000010   0x08007ed8   0x00000001   Data   RW           90    .data.car_command   main.o
    0x20000011   0x08007ed9   0x00000007   PAD
    0x20000018        -       0x0000002c   Zero   RW           27    .bss..L_MergedGlobals  bluetooth.o
    0x20000044        -       0x00000076   Zero   RW           51    .bss..L_MergedGlobals  radar.o
    0x200000ba   0x08007ed9   0x00000002   PAD
    0x200000bc        -       0x0000007c   Zero   RW           92    .bss..L_MergedGlobals  main.o
    0x20000138        -       0x0000000c   Zero   RW          232    .bss..L_MergedGlobals  odometry.o
    0x20000144        -       0x00000058   Zero   RW          251    .bss..L_MergedGlobals  motor.o
    0x2000019c        -       0x00000010   Zero   RW          272    .bss..L_MergedGlobals  encoder.o
    0x200001ac        -       0x000003e8   Zero   RW           47    .bss.LS_DataHandle.point  radar.o
    0x20000594        -       0x000003e8   Zero   RW           48    .bss.ax_ls_point    radar.o
    0x2000097c        -       0x00000054   Zero   RW          116    .bss.hi2c1          i2c.o
    0x200009d0        -       0x00000040   Zero   RW          143    .bss.htim2          tim.o
    0x20000a10        -       0x00000040   Zero   RW          144    .bss.htim3          tim.o
    0x20000a50        -       0x00000040   Zero   RW          145    .bss.htim4          tim.o
    0x20000a90        -       0x00000040   Zero   RW          146    .bss.htim7          tim.o
    0x20000ad0        -       0x00000040   Zero   RW          165    .bss.huart1         usart.o
    0x20000b10        -       0x00000040   Zero   RW          166    .bss.huart2         usart.o
    0x20000b50        -       0x00000040   Zero   RW          167    .bss.huart3         usart.o
    0x20000b90        -       0x00000001   Zero   RW           50    .bss.uart3_rx_chksum  radar.o
    0x20000b91        -       0x00000001   Zero   RW           46    .bss.uart3_rx_con   radar.o
    0x20000b92   0x08007ed9   0x00000002   PAD
    0x20000b94        -       0x00000004   Zero   RW          815    .bss.uwTick         stm32f4xx_hal.o
    0x20000b98        -       0x00000400   Zero   RW            1    STACK               startup_stm32f446xx.o


==============================================================================

Image component sizes


      Code (inc. data)   RO Data    RW Data    ZI Data      Debug   Object Name

      3104        564        750          0         44       9874   bluetooth.o
       190         12          0          0         16       4622   encoder.o
       146          0          0          0          0       4160   gpio.o
       208          0          0          0         84       7561   i2c.o
       848          8          0          1        124       8341   main.o
       642         30          0          0         88       3335   motor.o
       900         12          0          0          0       7651   mpu6500.o
       260         36          0          0         12       1394   odometry.o
       172         16          0          0          0       1299   pid.o
      1820        184         47          0       2120       7024   radar.o
        36          8        452          0       1024        824   startup_stm32f446xx.o
       204          0          0          8          4       7474   stm32f4xx_hal.o
       196          0          0          0          0      10550   stm32f4xx_hal_cortex.o
        42          0          0          0          0      10685   stm32f4xx_hal_dma.o
       464          0          0          0          0       5400   stm32f4xx_hal_gpio.o
      7492         16          0          0          0      54325   stm32f4xx_hal_i2c.o
        56          0          0          0          0       1529   stm32f4xx_hal_msp.o
       122          0          0          0          0       4622   stm32f4xx_hal_pwr_ex.o
       432          0          0          0          0       7462   stm32f4xx_hal_rcc.o
      1004          4          0          0          0      10837   stm32f4xx_hal_rcc_ex.o
      2084          4          0          0          0      48981   stm32f4xx_hal_tim.o
       190          0          0          0          0      17239   stm32f4xx_hal_tim_ex.o
      1484          0          0          0          0      19313   stm32f4xx_hal_uart.o
       118          0          0          0          0       7351   stm32f4xx_it.o
        26          0         24          4          0       2720   system_stm32f4xx.o
       958          0          0          0        256      11381   tim.o
       528          0          0          0        192       7871   usart.o

    ----------------------------------------------------------------------
     23880        894       1308         16       3972     283825   Object Totals
         0          0         32          0          0          0   (incl. Generated)
       154          0          3          3          8          0   (incl. Padding)

    ----------------------------------------------------------------------

      Code (inc. data)   RO Data    RW Data    ZI Data      Debug   Library Member Name

       336         56          0          0          0        136   cosf.o
        38          0          0          0          0        116   fpclassifyf.o
        38         12          0          0          0        348   funder.o
       340         24         32          0          0        160   rredf.o
       400         56          0          0          0        212   sinf.o
        56          8          0          0          0         84   __0sscanf.o
       812          4          0          0          0        112   _scanf.o
        64          0          0          0          0         84   _sgetc.o
        40          6         64          0          0         68   ctype_c.o
         0          0          0          0          0          0   entry.o
         0          0          0          0          0          0   entry10a.o
         0          0          0          0          0          0   entry11a.o
         8          4          0          0          0          0   entry2.o
         4          0          0          0          0          0   entry5.o
         0          0          0          0          0          0   entry7b.o
         0          0          0          0          0          0   entry8b.o
         8          4          0          0          0          0   entry9a.o
        12          6          0          4          0         68   errno.o
        30          0          0          0          0          0   handlers.o
        48         10          0          0          0         68   init.o
        10          0          0          0          0         68   isspace_c.o
         0          0          0          0          0          0   iusefp.o
        30          0          0          0          0         68   llshl.o
        36          0          0          0          0         68   llsshr.o
        32          0          0          0          0         68   llushr.o
      2350         90          0          0          0        676   printfa.o
        40          8          0          0          0         84   scanf_char.o
       878         12          0          0          0        216   scanf_fp.o
        28          0          0          0          0         76   strcmp.o
        14          0          0          0          0         68   strlen.o
        30          0          0          0          0         80   strncmp.o
        44          0          0          0          0         80   uidiv.o
        98          0          0          0          0         92   uldiv.o
        48          0          0          0          0         68   cdrcmple.o
        56          0          0          0          0         88   d2f.o
       334          0          0          0          0        148   dadd.o
       222          0          0          0          0        100   ddiv.o
       186          0          0          0          0        176   depilogue.o
        48          0          0          0          0         68   dfixul.o
        34          0          0          0          0         76   dflti.o
        24          0          0          0          0         76   dfltul.o
       228          0          0          0          0         96   dmul.o
        38          0          0          0          0         68   f2d.o
       110          0          0          0          0        168   fepilogue.o

    ----------------------------------------------------------------------
      7168        300         96          4          0       4232   Library Totals
        16          0          0          0          0          0   (incl. Padding)

    ----------------------------------------------------------------------

      Code (inc. data)   RO Data    RW Data    ZI Data      Debug   Library Name

      1152        148         32          0          0        972   m_wm.l
      4672        152         64          4          0       2128   mc_w.l
      1328          0          0          0          0       1132   mf_w.l

    ----------------------------------------------------------------------
      7168        300         96          4          0       4232   Library Totals

    ----------------------------------------------------------------------

==============================================================================


      Code (inc. data)   RO Data    RW Data    ZI Data      Debug   

     31048       1194       1404         20       3972     285393   Grand Totals
     31048       1194       1404         20       3972     285393   ELF Image Totals
     31048       1194       1404         20          0          0   ROM Totals

==============================================================================

    Total RO  Size (Code + RO Data)                32452 (  31.69kB)
    Total RW  Size (RW Data + ZI Data)              3992 (   3.90kB)
    Total ROM Size (Code + RO Data + RW Data)      32472 (  31.71kB)

==============================================================================

